[2020-07-29 09:44:19.133] [exthost] [info] extension host started
[2020-07-29 09:44:19.302] [exthost] [info] ExtensionService#_doActivateExtension austin.code-gnu-global {"startup":false,"extensionId":{"value":"austin.code-gnu-global","_lower":"austin.code-gnu-global"},"activationEvent":"onLanguage:cpp"}
[2020-07-29 09:44:19.303] [exthost] [info] ExtensionService#loadCommonJSModule file:///home/guilherme/.vscode-server/extensions/austin.code-gnu-global-0.2.2/out/src/extension
[2020-07-29 09:44:19.351] [exthost] [info] ExtensionService#_doActivateExtension ms-vscode.cpptools {"startup":false,"extensionId":{"value":"ms-vscode.cpptools","_lower":"ms-vscode.cpptools"},"activationEvent":"onLanguage:cpp"}
[2020-07-29 09:44:19.351] [exthost] [info] ExtensionService#loadCommonJSModule file:///home/guilherme/.vscode-server/extensions/ms-vscode.cpptools-0.29.0/dist/main
[2020-07-29 09:44:19.439] [exthost] [info] ExtensionService#_doActivateExtension vscode.debug-auto-launch {"startup":true,"extensionId":{"value":"vscode.debug-auto-launch","_lower":"vscode.debug-auto-launch"},"activationEvent":"*"}
[2020-07-29 09:44:19.439] [exthost] [info] ExtensionService#loadCommonJSModule file:///home/guilherme/.vscode-server/bin/17299e413d5590b14ab0340ea477cdd86ff13daf/extensions/debug-auto-launch/dist/extension
[2020-07-29 09:44:19.446] [exthost] [info] ExtensionService#_doActivateExtension vscode.emmet {"startup":true,"extensionId":{"value":"vscode.emmet","_lower":"vscode.emmet"},"activationEvent":"*"}
[2020-07-29 09:44:19.446] [exthost] [info] ExtensionService#loadCommonJSModule file:///home/guilherme/.vscode-server/bin/17299e413d5590b14ab0340ea477cdd86ff13daf/extensions/emmet/dist/extension
[2020-07-29 09:44:19.477] [exthost] [info] ExtensionService#_doActivateExtension vscode.git {"startup":true,"extensionId":{"value":"vscode.github","_lower":"vscode.github"},"activationEvent":"*"}
[2020-07-29 09:44:19.477] [exthost] [info] ExtensionService#loadCommonJSModule file:///home/guilherme/.vscode-server/bin/17299e413d5590b14ab0340ea477cdd86ff13daf/extensions/git/dist/main
[2020-07-29 09:44:19.546] [exthost] [info] ExtensionService#_doActivateExtension vscode.github-authentication {"startup":true,"extensionId":{"value":"vscode.github-authentication","_lower":"vscode.github-authentication"},"activationEvent":"*"}
[2020-07-29 09:44:19.546] [exthost] [info] ExtensionService#loadCommonJSModule file:///home/guilherme/.vscode-server/bin/17299e413d5590b14ab0340ea477cdd86ff13daf/extensions/github-authentication/dist/extension.js
[2020-07-29 09:44:20.064] [exthost] [info] ExtensionService#_doActivateExtension vscode.merge-conflict {"startup":true,"extensionId":{"value":"vscode.merge-conflict","_lower":"vscode.merge-conflict"},"activationEvent":"*"}
[2020-07-29 09:44:20.064] [exthost] [info] ExtensionService#loadCommonJSModule file:///home/guilherme/.vscode-server/bin/17299e413d5590b14ab0340ea477cdd86ff13daf/extensions/merge-conflict/dist/mergeConflictMain
[2020-07-29 09:44:20.087] [exthost] [info] ExtensionService#_doActivateExtension vscode.microsoft-authentication {"startup":true,"extensionId":{"value":"vscode.microsoft-authentication","_lower":"vscode.microsoft-authentication"},"activationEvent":"*"}
[2020-07-29 09:44:20.087] [exthost] [info] ExtensionService#loadCommonJSModule file:///home/guilherme/.vscode-server/bin/17299e413d5590b14ab0340ea477cdd86ff13daf/extensions/microsoft-authentication/dist/extension.js
[2020-07-29 09:44:20.103] [exthost] [info] ExtensionService#_doActivateExtension vscode.search-result {"startup":true,"extensionId":{"value":"vscode.search-result","_lower":"vscode.search-result"},"activationEvent":"*"}
[2020-07-29 09:44:20.103] [exthost] [info] ExtensionService#loadCommonJSModule file:///home/guilherme/.vscode-server/bin/17299e413d5590b14ab0340ea477cdd86ff13daf/extensions/search-result/dist/extension.js
[2020-07-29 09:44:20.106] [exthost] [info] ExtensionService#_doActivateExtension eamodio.gitlens {"startup":true,"extensionId":{"value":"eamodio.gitlens","_lower":"eamodio.gitlens"},"activationEvent":"*"}
[2020-07-29 09:44:20.106] [exthost] [info] ExtensionService#loadCommonJSModule file:///home/guilherme/.vscode-server/extensions/eamodio.gitlens-10.2.2/dist/extension
[2020-07-29 09:44:20.203] [exthost] [info] ExtensionService#_doActivateExtension esbenp.prettier-vscode {"startup":true,"extensionId":{"value":"esbenp.prettier-vscode","_lower":"esbenp.prettier-vscode"},"activationEvent":"*"}
[2020-07-29 09:44:20.203] [exthost] [info] ExtensionService#loadCommonJSModule file:///home/guilherme/.vscode-server/extensions/esbenp.prettier-vscode-5.1.3/dist/extension
[2020-07-29 09:44:20.386] [exthost] [info] ExtensionService#_doActivateExtension Gruntfuggly.todo-tree {"startup":true,"extensionId":{"value":"Gruntfuggly.todo-tree","_lower":"gruntfuggly.todo-tree"},"activationEvent":"*"}
[2020-07-29 09:44:20.386] [exthost] [info] ExtensionService#loadCommonJSModule file:///home/guilherme/.vscode-server/extensions/gruntfuggly.todo-tree-0.0.178/extension
[2020-07-29 09:44:20.561] [exthost] [info] ExtensionService#_doActivateExtension ms-vsliveshare.vsliveshare {"startup":true,"extensionId":{"value":"ms-vsliveshare.vsliveshare","_lower":"ms-vsliveshare.vsliveshare"},"activationEvent":"*"}
[2020-07-29 09:44:20.561] [exthost] [info] ExtensionService#loadCommonJSModule file:///home/guilherme/.vscode-server/extensions/ms-vsliveshare.vsliveshare-1.0.2478/out/prod/extension-prod
[2020-07-29 09:44:20.972] [exthost] [info] Extension 'austin.code-gnu-global' uses a document selector without scheme. Learn more about this: https://go.microsoft.com/fwlink/?linkid=872305
[2020-07-29 09:44:21.214] [exthost] [warning] [Deprecation Warning] 'workspace.rootPath' is deprecated. Please use 'workspace.workspaceFolders' instead. More details: https://aka.ms/vscode-eliminating-rootpath
[2020-07-29 09:44:21.944] [exthost] [info] Extension 'eamodio.gitlens' uses a document selector without scheme. Learn more about this: https://go.microsoft.com/fwlink/?linkid=872305
[2020-07-29 09:44:23.253] [exthost] [info] ExtensionService#_doActivateExtension vscode.configuration-editing {"startup":false,"extensionId":{"value":"vscode.configuration-editing","_lower":"vscode.configuration-editing"},"activationEvent":"onLanguage:json"}
[2020-07-29 09:44:23.253] [exthost] [info] ExtensionService#loadCommonJSModule file:///home/guilherme/.vscode-server/bin/17299e413d5590b14ab0340ea477cdd86ff13daf/extensions/configuration-editing/dist/configurationEditingMain
[2020-07-29 09:44:23.268] [exthost] [info] ExtensionService#_doActivateExtension vscode.extension-editing {"startup":false,"extensionId":{"value":"vscode.extension-editing","_lower":"vscode.extension-editing"},"activationEvent":"onLanguage:json"}
[2020-07-29 09:44:23.268] [exthost] [info] ExtensionService#loadCommonJSModule file:///home/guilherme/.vscode-server/bin/17299e413d5590b14ab0340ea477cdd86ff13daf/extensions/extension-editing/dist/extension
[2020-07-29 09:44:23.286] [exthost] [info] ExtensionService#_doActivateExtension vscode.json-language-features {"startup":false,"extensionId":{"value":"vscode.json-language-features","_lower":"vscode.json-language-features"},"activationEvent":"onLanguage:json"}
[2020-07-29 09:44:23.286] [exthost] [info] ExtensionService#loadCommonJSModule file:///home/guilherme/.vscode-server/bin/17299e413d5590b14ab0340ea477cdd86ff13daf/extensions/json-language-features/client/dist/node/jsonClientMain
[2020-07-29 09:44:23.332] [exthost] [info] ExtensionService#_doActivateExtension ms-vscode.js-debug {"startup":false,"extensionId":{"value":"ms-vscode.js-debug","_lower":"ms-vscode.js-debug"},"activationEvent":"onLanguage:json"}
[2020-07-29 09:44:23.332] [exthost] [info] ExtensionService#loadCommonJSModule file:///home/guilherme/.vscode-server/bin/17299e413d5590b14ab0340ea477cdd86ff13daf/extensions/ms-vscode.js-debug/src/extension.js
[2020-07-29 09:44:23.714] [exthost] [info] ExtensionService#_doActivateExtension vscode.npm {"startup":false,"extensionId":{"value":"vscode.npm","_lower":"vscode.npm"},"activationEvent":"onLanguage:json"}
[2020-07-29 09:44:23.714] [exthost] [info] ExtensionService#loadCommonJSModule file:///home/guilherme/.vscode-server/bin/17299e413d5590b14ab0340ea477cdd86ff13daf/extensions/npm/dist/npmMain
[2020-07-29 09:44:24.255] [exthost] [warning] [Deprecation Warning] 'window.registerTaskProvider' is deprecated. Use the corresponding function on the 'tasks' namespace instead
[2020-07-29 09:44:29.554] [exthost] [info] Extension 'ms-vsliveshare.vsliveshare' uses a document selector without scheme. Learn more about this: https://go.microsoft.com/fwlink/?linkid=872305
[2020-07-29 09:44:29.554] [exthost] [info] ExtensionService#_doActivateExtension vscode.github {"startup":true,"extensionId":{"value":"vscode.github","_lower":"vscode.github"},"activationEvent":"*"}
[2020-07-29 09:44:29.554] [exthost] [info] ExtensionService#loadCommonJSModule file:///home/guilherme/.vscode-server/bin/17299e413d5590b14ab0340ea477cdd86ff13daf/extensions/github/dist/extension.js
[2020-07-29 09:44:29.627] [exthost] [info] eager extensions activated
[2020-07-29 09:47:13.204] [exthost] [error] [ms-vscode.cpptools] provider FAILED
[2020-07-29 09:47:13.205] [exthost] [error] undefined
[2020-07-29 09:47:18.699] [exthost] [error] [ms-vscode.cpptools] provider FAILED
[2020-07-29 09:47:18.699] [exthost] [error] undefined
[2020-07-29 09:47:25.106] [exthost] [error] [ms-vscode.cpptools] provider FAILED
[2020-07-29 09:47:25.106] [exthost] [error] undefined
[2020-07-29 09:59:29.314] [exthost] [error] [ms-vscode.cpptools] provider FAILED
[2020-07-29 09:59:29.314] [exthost] [error] undefined
[2020-07-29 10:00:58.425] [exthost] [error] [ms-vscode.cpptools] provider FAILED
[2020-07-29 10:00:58.425] [exthost] [error] undefined
[2020-07-29 10:02:28.227] [exthost] [error] [ms-vscode.cpptools] provider FAILED
[2020-07-29 10:02:28.227] [exthost] [error] undefined
[2020-07-29 10:02:30.303] [exthost] [error] [ms-vscode.cpptools] provider FAILED
[2020-07-29 10:02:30.303] [exthost] [error] undefined
[2020-07-29 10:02:37.658] [exthost] [error] [ms-vscode.cpptools] provider FAILED
[2020-07-29 10:02:37.658] [exthost] [error] undefined
[2020-07-29 10:02:46.305] [exthost] [error] [ms-vscode.cpptools] provider FAILED
[2020-07-29 10:02:46.305] [exthost] [error] undefined
[2020-07-29 10:03:00.880] [exthost] [info] ExtensionService#_doActivateExtension twxs.cmake {"startup":false,"extensionId":{"value":"twxs.cmake","_lower":"twxs.cmake"},"activationEvent":"onLanguage:cmake"}
[2020-07-29 10:03:00.880] [exthost] [info] ExtensionService#loadCommonJSModule file:///home/guilherme/.vscode-server/extensions/twxs.cmake-0.0.17/out/extension
[2020-07-29 10:03:01.217] [exthost] [info] Extension 'twxs.cmake' uses a document selector without scheme. Learn more about this: https://go.microsoft.com/fwlink/?linkid=872305
[2020-07-29 10:03:01.218] [exthost] [warning] [Deprecation Warning] 'LanguageConfiguration.__electricCharacterSupport' is deprecated. Do not use.
[2020-07-29 10:03:01.219] [exthost] [warning] [Deprecation Warning] 'LanguageConfiguration.__characterPairSupport' is deprecated. Do not use.
