[2020-08-01 11:03:50.537] [exthost] [info] extension host started
[2020-08-01 11:03:50.885] [exthost] [info] ExtensionService#_doActivateExtension austin.code-gnu-global {"startup":false,"extensionId":{"value":"austin.code-gnu-global","_lower":"austin.code-gnu-global"},"activationEvent":"onLanguage:cpp"}
[2020-08-01 11:03:50.886] [exthost] [info] ExtensionService#loadCommonJSModule file:///home/guilherme/.vscode-server/extensions/austin.code-gnu-global-0.2.2/out/src/extension
[2020-08-01 11:03:50.948] [exthost] [info] ExtensionService#_doActivateExtension ms-vscode.cpptools {"startup":false,"extensionId":{"value":"ms-vscode.cpptools","_lower":"ms-vscode.cpptools"},"activationEvent":"onLanguage:cpp"}
[2020-08-01 11:03:50.948] [exthost] [info] ExtensionService#loadCommonJSModule file:///home/guilherme/.vscode-server/extensions/ms-vscode.cpptools-0.29.0/dist/main
[2020-08-01 11:03:51.061] [exthost] [info] ExtensionService#_doActivateExtension vscode.debug-auto-launch {"startup":true,"extensionId":{"value":"vscode.debug-auto-launch","_lower":"vscode.debug-auto-launch"},"activationEvent":"*"}
[2020-08-01 11:03:51.061] [exthost] [info] ExtensionService#loadCommonJSModule file:///home/guilherme/.vscode-server/bin/91899dcef7b8110878ea59626991a18c8a6a1b3e/extensions/debug-auto-launch/dist/extension
[2020-08-01 11:03:51.068] [exthost] [info] ExtensionService#_doActivateExtension vscode.emmet {"startup":true,"extensionId":{"value":"vscode.emmet","_lower":"vscode.emmet"},"activationEvent":"*"}
[2020-08-01 11:03:51.068] [exthost] [info] ExtensionService#loadCommonJSModule file:///home/guilherme/.vscode-server/bin/91899dcef7b8110878ea59626991a18c8a6a1b3e/extensions/emmet/dist/extension
[2020-08-01 11:03:51.093] [exthost] [info] ExtensionService#_doActivateExtension vscode.git {"startup":true,"extensionId":{"value":"vscode.github","_lower":"vscode.github"},"activationEvent":"*"}
[2020-08-01 11:03:51.093] [exthost] [info] ExtensionService#loadCommonJSModule file:///home/guilherme/.vscode-server/bin/91899dcef7b8110878ea59626991a18c8a6a1b3e/extensions/git/dist/main
[2020-08-01 11:03:51.145] [exthost] [info] ExtensionService#_doActivateExtension vscode.github-authentication {"startup":true,"extensionId":{"value":"vscode.github-authentication","_lower":"vscode.github-authentication"},"activationEvent":"*"}
[2020-08-01 11:03:51.145] [exthost] [info] ExtensionService#loadCommonJSModule file:///home/guilherme/.vscode-server/bin/91899dcef7b8110878ea59626991a18c8a6a1b3e/extensions/github-authentication/dist/extension.js
[2020-08-01 11:03:51.629] [exthost] [info] ExtensionService#_doActivateExtension vscode.merge-conflict {"startup":true,"extensionId":{"value":"vscode.merge-conflict","_lower":"vscode.merge-conflict"},"activationEvent":"*"}
[2020-08-01 11:03:51.629] [exthost] [info] ExtensionService#loadCommonJSModule file:///home/guilherme/.vscode-server/bin/91899dcef7b8110878ea59626991a18c8a6a1b3e/extensions/merge-conflict/dist/mergeConflictMain
[2020-08-01 11:03:51.648] [exthost] [info] ExtensionService#_doActivateExtension vscode.microsoft-authentication {"startup":true,"extensionId":{"value":"vscode.microsoft-authentication","_lower":"vscode.microsoft-authentication"},"activationEvent":"*"}
[2020-08-01 11:03:51.648] [exthost] [info] ExtensionService#loadCommonJSModule file:///home/guilherme/.vscode-server/bin/91899dcef7b8110878ea59626991a18c8a6a1b3e/extensions/microsoft-authentication/dist/extension.js
[2020-08-01 11:03:51.695] [exthost] [info] ExtensionService#_doActivateExtension vscode.search-result {"startup":true,"extensionId":{"value":"vscode.search-result","_lower":"vscode.search-result"},"activationEvent":"*"}
[2020-08-01 11:03:51.695] [exthost] [info] ExtensionService#loadCommonJSModule file:///home/guilherme/.vscode-server/bin/91899dcef7b8110878ea59626991a18c8a6a1b3e/extensions/search-result/dist/extension.js
[2020-08-01 11:03:51.700] [exthost] [info] ExtensionService#_doActivateExtension eamodio.gitlens {"startup":true,"extensionId":{"value":"eamodio.gitlens","_lower":"eamodio.gitlens"},"activationEvent":"*"}
[2020-08-01 11:03:51.700] [exthost] [info] ExtensionService#loadCommonJSModule file:///home/guilherme/.vscode-server/extensions/eamodio.gitlens-10.2.2/dist/extension
[2020-08-01 11:03:51.869] [exthost] [info] ExtensionService#_doActivateExtension esbenp.prettier-vscode {"startup":true,"extensionId":{"value":"esbenp.prettier-vscode","_lower":"esbenp.prettier-vscode"},"activationEvent":"*"}
[2020-08-01 11:03:51.870] [exthost] [info] ExtensionService#loadCommonJSModule file:///home/guilherme/.vscode-server/extensions/esbenp.prettier-vscode-5.1.3/dist/extension
[2020-08-01 11:03:52.002] [exthost] [info] ExtensionService#_doActivateExtension Gruntfuggly.todo-tree {"startup":true,"extensionId":{"value":"Gruntfuggly.todo-tree","_lower":"gruntfuggly.todo-tree"},"activationEvent":"*"}
[2020-08-01 11:03:52.002] [exthost] [info] ExtensionService#loadCommonJSModule file:///home/guilherme/.vscode-server/extensions/gruntfuggly.todo-tree-0.0.178/extension
[2020-08-01 11:03:52.118] [exthost] [info] ExtensionService#_doActivateExtension ms-vsliveshare.vsliveshare {"startup":true,"extensionId":{"value":"ms-vsliveshare.vsliveshare","_lower":"ms-vsliveshare.vsliveshare"},"activationEvent":"*"}
[2020-08-01 11:03:52.118] [exthost] [info] ExtensionService#loadCommonJSModule file:///home/guilherme/.vscode-server/extensions/ms-vsliveshare.vsliveshare-1.0.2478/out/prod/extension-prod
[2020-08-01 11:03:52.525] [exthost] [info] Extension 'austin.code-gnu-global' uses a document selector without scheme. Learn more about this: https://go.microsoft.com/fwlink/?linkid=872305
[2020-08-01 11:03:52.762] [exthost] [warning] [Deprecation Warning] 'workspace.rootPath' is deprecated. Please use 'workspace.workspaceFolders' instead. More details: https://aka.ms/vscode-eliminating-rootpath
[2020-08-01 11:03:53.411] [exthost] [info] Extension 'eamodio.gitlens' uses a document selector without scheme. Learn more about this: https://go.microsoft.com/fwlink/?linkid=872305
[2020-08-01 11:03:54.197] [exthost] [warning] [Deprecation Warning] 'window.registerTaskProvider' is deprecated. Use the corresponding function on the 'tasks' namespace instead
[2020-08-01 11:03:58.965] [exthost] [info] Extension 'ms-vsliveshare.vsliveshare' uses a document selector without scheme. Learn more about this: https://go.microsoft.com/fwlink/?linkid=872305
[2020-08-01 11:03:58.966] [exthost] [info] ExtensionService#_doActivateExtension vscode.github {"startup":true,"extensionId":{"value":"vscode.github","_lower":"vscode.github"},"activationEvent":"*"}
[2020-08-01 11:03:58.966] [exthost] [info] ExtensionService#loadCommonJSModule file:///home/guilherme/.vscode-server/bin/91899dcef7b8110878ea59626991a18c8a6a1b3e/extensions/github/dist/extension.js
[2020-08-01 11:03:59.069] [exthost] [info] eager extensions activated
[2020-08-01 11:04:47.907] [exthost] [error] [ms-vscode.cpptools] provider FAILED
[2020-08-01 11:04:47.907] [exthost] [error] undefined
[2020-08-01 11:04:51.353] [exthost] [error] [ms-vscode.cpptools] provider FAILED
[2020-08-01 11:04:51.353] [exthost] [error] undefined
[2020-08-01 11:05:08.389] [exthost] [error] [ms-vscode.cpptools] provider FAILED
[2020-08-01 11:05:08.389] [exthost] [error] undefined
[2020-08-01 11:05:10.308] [exthost] [error] [ms-vscode.cpptools] provider FAILED
[2020-08-01 11:05:10.308] [exthost] [error] undefined
[2020-08-01 11:05:28.721] [exthost] [error] [ms-vscode.cpptools] provider FAILED
[2020-08-01 11:05:28.721] [exthost] [error] undefined
[2020-08-01 11:05:35.710] [exthost] [error] [ms-vscode.cpptools] provider FAILED
[2020-08-01 11:05:35.710] [exthost] [error] undefined
[2020-08-01 11:06:05.482] [exthost] [error] [ms-vscode.cpptools] provider FAILED
[2020-08-01 11:06:05.482] [exthost] [error] undefined
[2020-08-01 11:06:25.336] [exthost] [error] [ms-vscode.cpptools] provider FAILED
[2020-08-01 11:06:25.336] [exthost] [error] undefined
[2020-08-01 11:06:33.960] [exthost] [error] [ms-vscode.cpptools] provider FAILED
[2020-08-01 11:06:33.960] [exthost] [error] undefined
[2020-08-01 11:06:44.603] [exthost] [error] [ms-vscode.cpptools] provider FAILED
[2020-08-01 11:06:44.603] [exthost] [error] undefined
[2020-08-01 11:06:48.646] [exthost] [error] [ms-vscode.cpptools] provider FAILED
[2020-08-01 11:06:48.646] [exthost] [error] undefined
[2020-08-01 11:07:04.330] [exthost] [error] [ms-vscode.cpptools] provider FAILED
[2020-08-01 11:07:04.330] [exthost] [error] undefined
[2020-08-01 11:07:05.999] [exthost] [error] [ms-vscode.cpptools] provider FAILED
[2020-08-01 11:07:05.999] [exthost] [error] undefined
[2020-08-01 11:07:14.302] [exthost] [error] [ms-vscode.cpptools] provider FAILED
[2020-08-01 11:07:14.302] [exthost] [error] undefined
[2020-08-01 11:07:18.713] [exthost] [error] [ms-vscode.cpptools] provider FAILED
[2020-08-01 11:07:18.713] [exthost] [error] undefined
[2020-08-01 11:07:23.052] [exthost] [error] [ms-vscode.cpptools] provider FAILED
[2020-08-01 11:07:23.052] [exthost] [error] undefined
[2020-08-01 11:07:33.906] [exthost] [error] [ms-vscode.cpptools] provider FAILED
[2020-08-01 11:07:33.906] [exthost] [error] undefined
[2020-08-01 11:07:36.731] [exthost] [error] [ms-vscode.cpptools] provider FAILED
[2020-08-01 11:07:36.731] [exthost] [error] undefined
[2020-08-01 11:07:55.646] [exthost] [error] [ms-vscode.cpptools] provider FAILED
[2020-08-01 11:07:55.646] [exthost] [error] undefined
[2020-08-01 11:08:11.232] [exthost] [error] [ms-vscode.cpptools] provider FAILED
[2020-08-01 11:08:11.232] [exthost] [error] undefined
[2020-08-01 11:08:35.370] [exthost] [error] [ms-vscode.cpptools] provider FAILED
[2020-08-01 11:08:35.370] [exthost] [error] undefined
[2020-08-01 11:09:19.826] [exthost] [error] [ms-vscode.cpptools] provider FAILED
[2020-08-01 11:09:19.826] [exthost] [error] undefined
[2020-08-01 11:09:35.653] [exthost] [error] [ms-vscode.cpptools] provider FAILED
[2020-08-01 11:09:35.653] [exthost] [error] undefined
[2020-08-01 11:09:42.009] [exthost] [error] [ms-vscode.cpptools] provider FAILED
[2020-08-01 11:09:42.009] [exthost] [error] undefined
[2020-08-01 11:09:50.789] [exthost] [error] [ms-vscode.cpptools] provider FAILED
[2020-08-01 11:09:50.789] [exthost] [error] undefined
[2020-08-01 11:10:48.572] [exthost] [error] [ms-vscode.cpptools] provider FAILED
[2020-08-01 11:10:48.573] [exthost] [error] undefined
[2020-08-01 11:11:04.137] [exthost] [error] [ms-vscode.cpptools] provider FAILED
[2020-08-01 11:11:04.137] [exthost] [error] undefined
[2020-08-01 11:11:18.934] [exthost] [error] [ms-vscode.cpptools] provider FAILED
[2020-08-01 11:11:18.934] [exthost] [error] undefined
[2020-08-01 11:11:56.812] [exthost] [error] [ms-vscode.cpptools] provider FAILED
[2020-08-01 11:11:56.812] [exthost] [error] undefined
[2020-08-01 11:11:59.414] [exthost] [error] [ms-vscode.cpptools] provider FAILED
[2020-08-01 11:11:59.414] [exthost] [error] undefined
[2020-08-01 11:12:03.623] [exthost] [error] [ms-vscode.cpptools] provider FAILED
[2020-08-01 11:12:03.623] [exthost] [error] undefined
[2020-08-01 11:12:10.199] [exthost] [error] [ms-vscode.cpptools] provider FAILED
[2020-08-01 11:12:10.199] [exthost] [error] undefined
[2020-08-01 11:12:18.504] [exthost] [error] [ms-vscode.cpptools] provider FAILED
[2020-08-01 11:12:18.504] [exthost] [error] undefined
[2020-08-01 11:12:20.778] [exthost] [error] [ms-vscode.cpptools] provider FAILED
[2020-08-01 11:12:20.778] [exthost] [error] undefined
[2020-08-01 11:12:25.283] [exthost] [error] [ms-vscode.cpptools] provider FAILED
[2020-08-01 11:12:25.283] [exthost] [error] undefined
[2020-08-01 11:12:37.639] [exthost] [error] [ms-vscode.cpptools] provider FAILED
[2020-08-01 11:12:37.639] [exthost] [error] undefined
[2020-08-01 11:12:40.180] [exthost] [error] [ms-vscode.cpptools] provider FAILED
[2020-08-01 11:12:40.181] [exthost] [error] undefined
[2020-08-01 11:12:48.455] [exthost] [error] [ms-vscode.cpptools] provider FAILED
[2020-08-01 11:12:48.455] [exthost] [error] undefined
[2020-08-01 11:12:57.198] [exthost] [error] [ms-vscode.cpptools] provider FAILED
[2020-08-01 11:12:57.198] [exthost] [error] undefined
[2020-08-01 11:13:03.814] [exthost] [error] [ms-vscode.cpptools] provider FAILED
[2020-08-01 11:13:03.814] [exthost] [error] undefined
[2020-08-01 11:13:12.300] [exthost] [error] [ms-vscode.cpptools] provider FAILED
[2020-08-01 11:13:12.300] [exthost] [error] undefined
[2020-08-01 11:13:17.365] [exthost] [error] [ms-vscode.cpptools] provider FAILED
[2020-08-01 11:13:17.365] [exthost] [error] undefined
[2020-08-01 11:13:43.534] [exthost] [error] [ms-vscode.cpptools] provider FAILED
[2020-08-01 11:13:43.534] [exthost] [error] undefined
[2020-08-01 11:13:45.847] [exthost] [error] [ms-vscode.cpptools] provider FAILED
[2020-08-01 11:13:45.847] [exthost] [error] undefined
[2020-08-01 11:13:50.063] [exthost] [error] [ms-vscode.cpptools] provider FAILED
[2020-08-01 11:13:50.063] [exthost] [error] undefined
[2020-08-01 11:14:20.009] [exthost] [error] [ms-vscode.cpptools] provider FAILED
[2020-08-01 11:14:20.009] [exthost] [error] undefined
[2020-08-01 11:14:30.737] [exthost] [error] [ms-vscode.cpptools] provider FAILED
[2020-08-01 11:14:30.737] [exthost] [error] undefined
[2020-08-01 11:14:47.554] [exthost] [error] [ms-vscode.cpptools] provider FAILED
[2020-08-01 11:14:47.554] [exthost] [error] undefined
[2020-08-01 11:14:52.167] [exthost] [error] [ms-vscode.cpptools] provider FAILED
[2020-08-01 11:14:52.168] [exthost] [error] undefined
[2020-08-01 11:14:54.305] [exthost] [error] [ms-vscode.cpptools] provider FAILED
[2020-08-01 11:14:54.305] [exthost] [error] undefined
[2020-08-01 11:14:56.458] [exthost] [error] [ms-vscode.cpptools] provider FAILED
[2020-08-01 11:14:56.458] [exthost] [error] undefined
[2020-08-01 11:15:01.950] [exthost] [error] [ms-vscode.cpptools] provider FAILED
[2020-08-01 11:15:01.950] [exthost] [error] undefined
[2020-08-01 11:15:18.547] [exthost] [error] [ms-vscode.cpptools] provider FAILED
[2020-08-01 11:15:18.547] [exthost] [error] undefined
[2020-08-01 11:15:20.593] [exthost] [error] [ms-vscode.cpptools] provider FAILED
[2020-08-01 11:15:20.593] [exthost] [error] undefined
[2020-08-01 11:15:41.479] [exthost] [error] [ms-vscode.cpptools] provider FAILED
[2020-08-01 11:15:41.479] [exthost] [error] undefined
[2020-08-01 11:16:04.405] [exthost] [error] [ms-vscode.cpptools] provider FAILED
[2020-08-01 11:16:04.405] [exthost] [error] undefined
[2020-08-01 11:16:21.744] [exthost] [error] [ms-vscode.cpptools] provider FAILED
[2020-08-01 11:16:21.744] [exthost] [error] undefined
[2020-08-01 11:16:26.196] [exthost] [error] [ms-vscode.cpptools] provider FAILED
[2020-08-01 11:16:26.196] [exthost] [error] undefined
[2020-08-01 11:17:06.193] [exthost] [error] [ms-vscode.cpptools] provider FAILED
[2020-08-01 11:17:06.193] [exthost] [error] undefined
[2020-08-01 11:17:23.131] [exthost] [error] [ms-vscode.cpptools] provider FAILED
[2020-08-01 11:17:23.131] [exthost] [error] undefined
[2020-08-01 11:17:33.995] [exthost] [error] [ms-vscode.cpptools] provider FAILED
[2020-08-01 11:17:33.995] [exthost] [error] undefined
[2020-08-01 11:17:47.052] [exthost] [error] [ms-vscode.cpptools] provider FAILED
[2020-08-01 11:17:47.052] [exthost] [error] undefined
[2020-08-01 11:17:51.409] [exthost] [error] [ms-vscode.cpptools] provider FAILED
[2020-08-01 11:17:51.409] [exthost] [error] undefined
[2020-08-01 11:17:57.891] [exthost] [error] [ms-vscode.cpptools] provider FAILED
[2020-08-01 11:17:57.891] [exthost] [error] undefined
[2020-08-01 11:18:09.285] [exthost] [error] [ms-vscode.cpptools] provider FAILED
[2020-08-01 11:18:09.285] [exthost] [error] undefined
[2020-08-01 11:18:13.549] [exthost] [error] [ms-vscode.cpptools] provider FAILED
[2020-08-01 11:18:13.549] [exthost] [error] undefined
[2020-08-01 11:18:17.764] [exthost] [error] [ms-vscode.cpptools] provider FAILED
[2020-08-01 11:18:17.764] [exthost] [error] undefined
[2020-08-01 11:18:26.206] [exthost] [error] [ms-vscode.cpptools] provider FAILED
[2020-08-01 11:18:26.206] [exthost] [error] undefined
[2020-08-01 11:18:43.201] [exthost] [error] [ms-vscode.cpptools] provider FAILED
[2020-08-01 11:18:43.201] [exthost] [error] undefined
[2020-08-01 11:18:49.800] [exthost] [error] [ms-vscode.cpptools] provider FAILED
[2020-08-01 11:18:49.800] [exthost] [error] undefined
[2020-08-01 11:19:00.762] [exthost] [error] [ms-vscode.cpptools] provider FAILED
[2020-08-01 11:19:00.762] [exthost] [error] undefined
[2020-08-01 11:19:03.094] [exthost] [error] [ms-vscode.cpptools] provider FAILED
[2020-08-01 11:19:03.094] [exthost] [error] undefined
[2020-08-01 11:19:09.883] [exthost] [error] [ms-vscode.cpptools] provider FAILED
[2020-08-01 11:19:09.883] [exthost] [error] undefined
[2020-08-01 11:19:26.880] [exthost] [error] [ms-vscode.cpptools] provider FAILED
[2020-08-01 11:19:26.880] [exthost] [error] undefined
[2020-08-01 11:19:33.235] [exthost] [error] [ms-vscode.cpptools] provider FAILED
[2020-08-01 11:19:33.235] [exthost] [error] undefined
[2020-08-01 11:19:39.903] [exthost] [error] [ms-vscode.cpptools] provider FAILED
[2020-08-01 11:19:39.903] [exthost] [error] undefined
[2020-08-01 11:19:42.061] [exthost] [error] [ms-vscode.cpptools] provider FAILED
[2020-08-01 11:19:42.061] [exthost] [error] undefined
[2020-08-01 11:19:49.075] [exthost] [error] [ms-vscode.cpptools] provider FAILED
[2020-08-01 11:19:49.075] [exthost] [error] undefined
[2020-08-01 11:19:51.308] [exthost] [error] [ms-vscode.cpptools] provider FAILED
[2020-08-01 11:19:51.308] [exthost] [error] undefined
[2020-08-01 11:20:23.081] [exthost] [error] [ms-vscode.cpptools] provider FAILED
[2020-08-01 11:20:23.081] [exthost] [error] undefined
[2020-08-01 11:20:34.712] [exthost] [error] [ms-vscode.cpptools] provider FAILED
[2020-08-01 11:20:34.712] [exthost] [error] undefined
[2020-08-01 11:20:54.178] [exthost] [error] [ms-vscode.cpptools] provider FAILED
[2020-08-01 11:20:54.178] [exthost] [error] undefined
[2020-08-01 11:21:05.209] [exthost] [error] [ms-vscode.cpptools] provider FAILED
[2020-08-01 11:21:05.209] [exthost] [error] undefined
[2020-08-01 11:21:13.829] [exthost] [error] [ms-vscode.cpptools] provider FAILED
[2020-08-01 11:21:13.829] [exthost] [error] undefined
[2020-08-01 11:21:23.050] [exthost] [error] [ms-vscode.cpptools] provider FAILED
[2020-08-01 11:21:23.050] [exthost] [error] undefined
[2020-08-01 11:21:27.475] [exthost] [error] [ms-vscode.cpptools] provider FAILED
[2020-08-01 11:21:27.475] [exthost] [error] undefined
[2020-08-01 11:21:33.650] [exthost] [error] [ms-vscode.cpptools] provider FAILED
[2020-08-01 11:21:33.650] [exthost] [error] undefined
[2020-08-01 11:21:38.054] [exthost] [error] [ms-vscode.cpptools] provider FAILED
[2020-08-01 11:21:38.054] [exthost] [error] undefined
[2020-08-01 11:21:44.186] [exthost] [error] [ms-vscode.cpptools] provider FAILED
[2020-08-01 11:21:44.186] [exthost] [error] undefined
[2020-08-01 11:21:55.298] [exthost] [error] [ms-vscode.cpptools] provider FAILED
[2020-08-01 11:21:55.298] [exthost] [error] undefined
[2020-08-01 11:22:01.631] [exthost] [error] [ms-vscode.cpptools] provider FAILED
[2020-08-01 11:22:01.631] [exthost] [error] undefined
[2020-08-01 11:22:12.158] [exthost] [error] [ms-vscode.cpptools] provider FAILED
[2020-08-01 11:22:12.158] [exthost] [error] undefined
[2020-08-01 11:22:14.536] [exthost] [error] [ms-vscode.cpptools] provider FAILED
[2020-08-01 11:22:14.536] [exthost] [error] undefined
[2020-08-01 11:22:18.861] [exthost] [error] [ms-vscode.cpptools] provider FAILED
[2020-08-01 11:22:18.861] [exthost] [error] undefined
[2020-08-01 11:22:25.337] [exthost] [error] [ms-vscode.cpptools] provider FAILED
[2020-08-01 11:22:25.337] [exthost] [error] undefined
[2020-08-01 11:22:33.986] [exthost] [error] [ms-vscode.cpptools] provider FAILED
[2020-08-01 11:22:33.986] [exthost] [error] undefined
[2020-08-01 11:22:39.734] [exthost] [error] [ms-vscode.cpptools] provider FAILED
[2020-08-01 11:22:39.734] [exthost] [error] undefined
[2020-08-01 11:22:55.542] [exthost] [error] [ms-vscode.cpptools] provider FAILED
[2020-08-01 11:22:55.542] [exthost] [error] undefined
[2020-08-01 11:22:59.827] [exthost] [error] [ms-vscode.cpptools] provider FAILED
[2020-08-01 11:22:59.827] [exthost] [error] undefined
[2020-08-01 11:23:04.650] [exthost] [error] [ms-vscode.cpptools] provider FAILED
[2020-08-01 11:23:04.650] [exthost] [error] undefined
[2020-08-01 11:23:15.805] [exthost] [error] [ms-vscode.cpptools] provider FAILED
[2020-08-01 11:23:15.805] [exthost] [error] undefined
[2020-08-01 11:23:28.465] [exthost] [error] [ms-vscode.cpptools] provider FAILED
[2020-08-01 11:23:28.465] [exthost] [error] undefined
[2020-08-01 11:23:32.698] [exthost] [error] [ms-vscode.cpptools] provider FAILED
[2020-08-01 11:23:32.698] [exthost] [error] undefined
[2020-08-01 11:23:36.816] [exthost] [error] [ms-vscode.cpptools] provider FAILED
[2020-08-01 11:23:36.816] [exthost] [error] undefined
[2020-08-01 11:23:38.833] [exthost] [error] [ms-vscode.cpptools] provider FAILED
[2020-08-01 11:23:38.833] [exthost] [error] undefined
[2020-08-01 11:23:40.954] [exthost] [error] [ms-vscode.cpptools] provider FAILED
[2020-08-01 11:23:40.954] [exthost] [error] undefined
[2020-08-01 11:23:45.040] [exthost] [error] [ms-vscode.cpptools] provider FAILED
[2020-08-01 11:23:45.040] [exthost] [error] undefined
[2020-08-01 11:23:47.230] [exthost] [error] [ms-vscode.cpptools] provider FAILED
[2020-08-01 11:23:47.230] [exthost] [error] undefined
[2020-08-01 11:23:49.289] [exthost] [error] [ms-vscode.cpptools] provider FAILED
[2020-08-01 11:23:49.289] [exthost] [error] undefined
[2020-08-01 11:23:51.407] [exthost] [error] [ms-vscode.cpptools] provider FAILED
[2020-08-01 11:23:51.407] [exthost] [error] undefined
[2020-08-01 11:23:53.466] [exthost] [error] [ms-vscode.cpptools] provider FAILED
[2020-08-01 11:23:53.466] [exthost] [error] undefined
[2020-08-01 11:24:06.022] [exthost] [error] [ms-vscode.cpptools] provider FAILED
[2020-08-01 11:24:06.022] [exthost] [error] undefined
[2020-08-01 11:24:16.533] [exthost] [error] [ms-vscode.cpptools] provider FAILED
[2020-08-01 11:24:16.533] [exthost] [error] undefined
[2020-08-01 11:24:24.840] [exthost] [error] [ms-vscode.cpptools] provider FAILED
[2020-08-01 11:24:24.840] [exthost] [error] undefined
[2020-08-01 11:24:29.096] [exthost] [error] [ms-vscode.cpptools] provider FAILED
[2020-08-01 11:24:29.096] [exthost] [error] undefined
[2020-08-01 11:24:31.235] [exthost] [error] [ms-vscode.cpptools] provider FAILED
[2020-08-01 11:24:31.235] [exthost] [error] undefined
[2020-08-01 11:24:33.310] [exthost] [error] [ms-vscode.cpptools] provider FAILED
[2020-08-01 11:24:33.310] [exthost] [error] undefined
[2020-08-01 11:24:35.428] [exthost] [error] [ms-vscode.cpptools] provider FAILED
[2020-08-01 11:24:35.428] [exthost] [error] undefined
[2020-08-01 11:24:37.438] [exthost] [error] [ms-vscode.cpptools] provider FAILED
[2020-08-01 11:24:37.438] [exthost] [error] undefined
[2020-08-01 11:24:39.530] [exthost] [error] [ms-vscode.cpptools] provider FAILED
[2020-08-01 11:24:39.530] [exthost] [error] undefined
[2020-08-01 11:24:41.746] [exthost] [error] [ms-vscode.cpptools] provider FAILED
[2020-08-01 11:24:41.746] [exthost] [error] undefined
[2020-08-01 11:24:43.886] [exthost] [error] [ms-vscode.cpptools] provider FAILED
[2020-08-01 11:24:43.886] [exthost] [error] undefined
[2020-08-01 11:24:48.194] [exthost] [error] [ms-vscode.cpptools] provider FAILED
[2020-08-01 11:24:48.194] [exthost] [error] undefined
[2020-08-01 11:24:52.389] [exthost] [error] [ms-vscode.cpptools] provider FAILED
[2020-08-01 11:24:52.389] [exthost] [error] undefined
[2020-08-01 11:25:47.413] [exthost] [error] [ms-vscode.cpptools] provider FAILED
[2020-08-01 11:25:47.413] [exthost] [error] undefined
[2020-08-01 11:26:02.199] [exthost] [error] [ms-vscode.cpptools] provider FAILED
[2020-08-01 11:26:02.199] [exthost] [error] undefined
[2020-08-01 11:26:10.314] [exthost] [error] [ms-vscode.cpptools] provider FAILED
[2020-08-01 11:26:10.314] [exthost] [error] undefined
[2020-08-01 11:26:23.363] [exthost] [error] [ms-vscode.cpptools] provider FAILED
[2020-08-01 11:26:23.363] [exthost] [error] undefined
[2020-08-01 11:26:27.380] [exthost] [error] [ms-vscode.cpptools] provider FAILED
[2020-08-01 11:26:27.380] [exthost] [error] undefined
[2020-08-01 11:26:29.953] [exthost] [error] [ms-vscode.cpptools] provider FAILED
[2020-08-01 11:26:29.953] [exthost] [error] undefined
[2020-08-01 11:27:07.717] [exthost] [error] [ms-vscode.cpptools] provider FAILED
[2020-08-01 11:27:07.717] [exthost] [error] undefined
[2020-08-01 11:27:16.734] [exthost] [error] [ms-vscode.cpptools] provider FAILED
[2020-08-01 11:27:16.734] [exthost] [error] undefined
[2020-08-01 11:27:21.609] [exthost] [error] [ms-vscode.cpptools] provider FAILED
[2020-08-01 11:27:21.609] [exthost] [error] undefined
[2020-08-01 11:27:29.178] [exthost] [error] [ms-vscode.cpptools] provider FAILED
[2020-08-01 11:27:29.178] [exthost] [error] undefined
[2020-08-01 11:27:39.767] [exthost] [error] [ms-vscode.cpptools] provider FAILED
[2020-08-01 11:27:39.767] [exthost] [error] undefined
[2020-08-01 11:27:48.094] [exthost] [error] [ms-vscode.cpptools] provider FAILED
[2020-08-01 11:27:48.094] [exthost] [error] undefined
[2020-08-01 11:27:49.301] [exthost] [error] [ms-vscode.cpptools] provider FAILED
[2020-08-01 11:27:49.301] [exthost] [error] undefined
[2020-08-01 11:27:52.586] [exthost] [error] [ms-vscode.cpptools] provider FAILED
[2020-08-01 11:27:52.586] [exthost] [error] undefined
[2020-08-01 11:28:21.568] [exthost] [error] [ms-vscode.cpptools] provider FAILED
[2020-08-01 11:28:21.568] [exthost] [error] undefined
[2020-08-01 11:28:23.142] [exthost] [error] [ms-vscode.cpptools] provider FAILED
[2020-08-01 11:28:23.142] [exthost] [error] undefined
[2020-08-01 11:28:42.500] [exthost] [error] [ms-vscode.cpptools] provider FAILED
[2020-08-01 11:28:42.500] [exthost] [error] undefined
[2020-08-01 11:28:56.146] [exthost] [error] [ms-vscode.cpptools] provider FAILED
[2020-08-01 11:28:56.146] [exthost] [error] undefined
[2020-08-01 11:29:02.496] [exthost] [error] [ms-vscode.cpptools] provider FAILED
[2020-08-01 11:29:02.496] [exthost] [error] undefined
[2020-08-01 11:29:04.663] [exthost] [error] [ms-vscode.cpptools] provider FAILED
[2020-08-01 11:29:04.663] [exthost] [error] undefined
[2020-08-01 11:29:08.777] [exthost] [error] [ms-vscode.cpptools] provider FAILED
[2020-08-01 11:29:08.777] [exthost] [error] undefined
[2020-08-01 11:29:17.930] [exthost] [error] [ms-vscode.cpptools] provider FAILED
[2020-08-01 11:29:17.930] [exthost] [error] undefined
[2020-08-01 11:29:20.136] [exthost] [error] [ms-vscode.cpptools] provider FAILED
[2020-08-01 11:29:20.136] [exthost] [error] undefined
[2020-08-01 11:29:29.306] [exthost] [error] [ms-vscode.cpptools] provider FAILED
[2020-08-01 11:29:29.306] [exthost] [error] undefined
[2020-08-01 11:29:36.141] [exthost] [error] [ms-vscode.cpptools] provider FAILED
[2020-08-01 11:29:36.141] [exthost] [error] undefined
[2020-08-01 11:29:42.426] [exthost] [error] [ms-vscode.cpptools] provider FAILED
[2020-08-01 11:29:42.426] [exthost] [error] undefined
[2020-08-01 11:29:53.000] [exthost] [error] [ms-vscode.cpptools] provider FAILED
[2020-08-01 11:29:53.000] [exthost] [error] undefined
[2020-08-01 11:29:57.022] [exthost] [error] [ms-vscode.cpptools] provider FAILED
[2020-08-01 11:29:57.022] [exthost] [error] undefined
[2020-08-01 11:30:52.328] [exthost] [error] [ms-vscode.cpptools] provider FAILED
[2020-08-01 11:30:52.328] [exthost] [error] undefined
[2020-08-01 11:30:56.985] [exthost] [error] [ms-vscode.cpptools] provider FAILED
[2020-08-01 11:30:56.985] [exthost] [error] undefined
[2020-08-01 11:31:04.346] [exthost] [error] [ms-vscode.cpptools] provider FAILED
[2020-08-01 11:31:04.346] [exthost] [error] undefined
[2020-08-01 11:31:14.650] [exthost] [error] [ms-vscode.cpptools] provider FAILED
[2020-08-01 11:31:14.651] [exthost] [error] undefined
[2020-08-01 11:31:15.671] [exthost] [error] [ms-vscode.cpptools] provider FAILED
[2020-08-01 11:31:15.671] [exthost] [error] undefined
[2020-08-01 11:31:28.239] [exthost] [error] [ms-vscode.cpptools] provider FAILED
[2020-08-01 11:31:28.239] [exthost] [error] undefined
[2020-08-01 11:31:46.794] [exthost] [error] [ms-vscode.cpptools] provider FAILED
[2020-08-01 11:31:46.794] [exthost] [error] undefined
[2020-08-01 11:31:48.219] [exthost] [error] [ms-vscode.cpptools] provider FAILED
[2020-08-01 11:31:48.219] [exthost] [error] undefined
[2020-08-01 11:31:58.492] [exthost] [error] [ms-vscode.cpptools] provider FAILED
[2020-08-01 11:31:58.492] [exthost] [error] undefined
[2020-08-01 11:33:53.466] [exthost] [error] [ms-vscode.cpptools] provider FAILED
[2020-08-01 11:33:53.466] [exthost] [error] undefined
[2020-08-01 11:34:00.120] [exthost] [error] [ms-vscode.cpptools] provider FAILED
[2020-08-01 11:34:00.120] [exthost] [error] undefined
[2020-08-01 11:34:04.225] [exthost] [error] [ms-vscode.cpptools] provider FAILED
[2020-08-01 11:34:04.225] [exthost] [error] undefined
[2020-08-01 11:34:06.861] [exthost] [error] [ms-vscode.cpptools] provider FAILED
[2020-08-01 11:34:06.861] [exthost] [error] undefined
[2020-08-01 11:34:13.642] [exthost] [error] [ms-vscode.cpptools] provider FAILED
[2020-08-01 11:34:13.642] [exthost] [error] undefined
[2020-08-01 11:34:17.799] [exthost] [error] [ms-vscode.cpptools] provider FAILED
[2020-08-01 11:34:17.799] [exthost] [error] undefined
[2020-08-01 11:34:26.739] [exthost] [error] [ms-vscode.cpptools] provider FAILED
[2020-08-01 11:34:26.739] [exthost] [error] undefined
[2020-08-01 11:34:31.188] [exthost] [error] [ms-vscode.cpptools] provider FAILED
[2020-08-01 11:34:31.188] [exthost] [error] undefined
[2020-08-01 11:34:44.017] [exthost] [error] [ms-vscode.cpptools] provider FAILED
[2020-08-01 11:34:44.017] [exthost] [error] undefined
[2020-08-01 11:35:26.212] [exthost] [error] [ms-vscode.cpptools] provider FAILED
[2020-08-01 11:35:26.212] [exthost] [error] undefined
[2020-08-01 11:35:49.353] [exthost] [error] [ms-vscode.cpptools] provider FAILED
[2020-08-01 11:35:49.353] [exthost] [error] undefined
[2020-08-01 11:35:53.679] [exthost] [error] [ms-vscode.cpptools] provider FAILED
[2020-08-01 11:35:53.679] [exthost] [error] undefined
[2020-08-01 11:36:00.272] [exthost] [error] [ms-vscode.cpptools] provider FAILED
[2020-08-01 11:36:00.272] [exthost] [error] undefined
[2020-08-01 11:36:08.710] [exthost] [error] [ms-vscode.cpptools] provider FAILED
[2020-08-01 11:36:08.710] [exthost] [error] undefined
[2020-08-01 11:36:14.294] [exthost] [error] [ms-vscode.cpptools] provider FAILED
[2020-08-01 11:36:14.294] [exthost] [error] undefined
[2020-08-01 11:36:18.246] [exthost] [error] [ms-vscode.cpptools] provider FAILED
[2020-08-01 11:36:18.246] [exthost] [error] undefined
[2020-08-01 11:36:32.991] [exthost] [error] [ms-vscode.cpptools] provider FAILED
[2020-08-01 11:36:32.991] [exthost] [error] undefined
[2020-08-01 11:36:35.142] [exthost] [error] [ms-vscode.cpptools] provider FAILED
[2020-08-01 11:36:35.142] [exthost] [error] undefined
[2020-08-01 11:36:39.805] [exthost] [error] [ms-vscode.cpptools] provider FAILED
[2020-08-01 11:36:39.805] [exthost] [error] undefined
[2020-08-01 11:36:44.353] [exthost] [error] [ms-vscode.cpptools] provider FAILED
[2020-08-01 11:36:44.353] [exthost] [error] undefined
[2020-08-01 11:36:48.705] [exthost] [error] [ms-vscode.cpptools] provider FAILED
[2020-08-01 11:36:48.705] [exthost] [error] undefined
[2020-08-01 11:37:23.110] [exthost] [error] [ms-vscode.cpptools] provider FAILED
[2020-08-01 11:37:23.110] [exthost] [error] undefined
[2020-08-01 11:37:45.329] [exthost] [error] [ms-vscode.cpptools] provider FAILED
[2020-08-01 11:37:45.329] [exthost] [error] undefined
[2020-08-01 11:37:58.247] [exthost] [error] [ms-vscode.cpptools] provider FAILED
[2020-08-01 11:37:58.247] [exthost] [error] undefined
[2020-08-01 11:38:07.983] [exthost] [error] [ms-vscode.cpptools] provider FAILED
[2020-08-01 11:38:07.983] [exthost] [error] undefined
[2020-08-01 11:39:36.928] [exthost] [error] [ms-vscode.cpptools] provider FAILED
[2020-08-01 11:39:36.928] [exthost] [error] undefined
[2020-08-01 11:39:48.030] [exthost] [error] [ms-vscode.cpptools] provider FAILED
[2020-08-01 11:39:48.030] [exthost] [error] undefined
[2020-08-01 11:40:43.145] [exthost] [error] [ms-vscode.cpptools] provider FAILED
[2020-08-01 11:40:43.145] [exthost] [error] undefined
[2020-08-01 11:41:51.207] [exthost] [error] [ms-vscode.cpptools] provider FAILED
[2020-08-01 11:41:51.207] [exthost] [error] undefined
[2020-08-01 11:41:52.364] [exthost] [error] [ms-vscode.cpptools] provider FAILED
[2020-08-01 11:41:52.364] [exthost] [error] undefined
[2020-08-01 11:41:54.643] [exthost] [error] [ms-vscode.cpptools] provider FAILED
[2020-08-01 11:41:54.643] [exthost] [error] undefined
[2020-08-01 11:42:24.167] [exthost] [error] [ms-vscode.cpptools] provider FAILED
[2020-08-01 11:42:24.167] [exthost] [error] undefined
[2020-08-01 11:42:51.356] [exthost] [error] [ms-vscode.cpptools] provider FAILED
[2020-08-01 11:42:51.356] [exthost] [error] undefined
[2020-08-01 11:42:58.131] [exthost] [error] [ms-vscode.cpptools] provider FAILED
[2020-08-01 11:42:58.131] [exthost] [error] undefined
[2020-08-01 11:43:15.131] [exthost] [error] [ms-vscode.cpptools] provider FAILED
[2020-08-01 11:43:15.131] [exthost] [error] undefined
[2020-08-01 11:44:09.709] [exthost] [error] [ms-vscode.cpptools] provider FAILED
[2020-08-01 11:44:09.710] [exthost] [error] undefined
[2020-08-01 11:44:59.457] [exthost] [error] [ms-vscode.cpptools] provider FAILED
[2020-08-01 11:44:59.457] [exthost] [error] undefined
[2020-08-01 11:45:06.239] [exthost] [error] [ms-vscode.cpptools] provider FAILED
[2020-08-01 11:45:06.239] [exthost] [error] undefined
[2020-08-01 11:45:27.585] [exthost] [error] [ms-vscode.cpptools] provider FAILED
[2020-08-01 11:45:27.585] [exthost] [error] undefined
[2020-08-01 11:45:32.320] [exthost] [error] [ms-vscode.cpptools] provider FAILED
[2020-08-01 11:45:32.320] [exthost] [error] undefined
[2020-08-01 11:45:57.856] [exthost] [error] [ms-vscode.cpptools] provider FAILED
[2020-08-01 11:45:57.856] [exthost] [error] undefined
[2020-08-01 11:46:12.569] [exthost] [error] [ms-vscode.cpptools] provider FAILED
[2020-08-01 11:46:12.569] [exthost] [error] undefined
[2020-08-01 11:46:27.639] [exthost] [error] [ms-vscode.cpptools] provider FAILED
[2020-08-01 11:46:27.639] [exthost] [error] undefined
[2020-08-01 11:46:58.558] [exthost] [error] [ms-vscode.cpptools] provider FAILED
[2020-08-01 11:46:58.558] [exthost] [error] undefined
[2020-08-01 11:47:02.486] [exthost] [error] [ms-vscode.cpptools] provider FAILED
[2020-08-01 11:47:02.486] [exthost] [error] undefined
[2020-08-01 11:47:14.983] [exthost] [error] [ms-vscode.cpptools] provider FAILED
[2020-08-01 11:47:14.983] [exthost] [error] undefined
[2020-08-01 11:47:16.993] [exthost] [error] [ms-vscode.cpptools] provider FAILED
[2020-08-01 11:47:16.993] [exthost] [error] undefined
[2020-08-01 11:47:41.521] [exthost] [error] [ms-vscode.cpptools] provider FAILED
[2020-08-01 11:47:41.521] [exthost] [error] undefined
[2020-08-01 11:47:47.131] [exthost] [error] [ms-vscode.cpptools] provider FAILED
[2020-08-01 11:47:47.131] [exthost] [error] undefined
[2020-08-01 11:47:49.750] [exthost] [error] [ms-vscode.cpptools] provider FAILED
[2020-08-01 11:47:49.750] [exthost] [error] undefined
[2020-08-01 11:49:10.546] [exthost] [error] [ms-vscode.cpptools] provider FAILED
[2020-08-01 11:49:10.546] [exthost] [error] undefined
[2020-08-01 11:49:22.840] [exthost] [error] [ms-vscode.cpptools] provider FAILED
[2020-08-01 11:49:22.840] [exthost] [error] undefined
[2020-08-01 11:49:30.088] [exthost] [error] [ms-vscode.cpptools] provider FAILED
[2020-08-01 11:49:30.088] [exthost] [error] undefined
[2020-08-01 11:49:34.764] [exthost] [error] [ms-vscode.cpptools] provider FAILED
[2020-08-01 11:49:34.764] [exthost] [error] undefined
[2020-08-01 11:49:37.579] [exthost] [error] [ms-vscode.cpptools] provider FAILED
[2020-08-01 11:49:37.579] [exthost] [error] undefined
[2020-08-01 11:49:52.939] [exthost] [error] [ms-vscode.cpptools] provider FAILED
[2020-08-01 11:49:52.939] [exthost] [error] undefined
[2020-08-01 11:49:59.073] [exthost] [error] [ms-vscode.cpptools] provider FAILED
[2020-08-01 11:49:59.073] [exthost] [error] undefined
[2020-08-01 11:50:01.621] [exthost] [error] [ms-vscode.cpptools] provider FAILED
[2020-08-01 11:50:01.621] [exthost] [error] undefined
[2020-08-01 11:50:08.193] [exthost] [error] [ms-vscode.cpptools] provider FAILED
[2020-08-01 11:50:08.193] [exthost] [error] undefined
[2020-08-01 11:50:35.625] [exthost] [error] [ms-vscode.cpptools] provider FAILED
[2020-08-01 11:50:35.625] [exthost] [error] undefined
[2020-08-01 11:50:38.023] [exthost] [error] [ms-vscode.cpptools] provider FAILED
[2020-08-01 11:50:38.023] [exthost] [error] undefined
[2020-08-01 11:51:16.028] [exthost] [error] [ms-vscode.cpptools] provider FAILED
[2020-08-01 11:51:16.028] [exthost] [error] undefined
[2020-08-01 11:51:22.870] [exthost] [error] [ms-vscode.cpptools] provider FAILED
[2020-08-01 11:51:22.870] [exthost] [error] undefined
[2020-08-01 11:51:29.396] [exthost] [error] [ms-vscode.cpptools] provider FAILED
[2020-08-01 11:51:29.396] [exthost] [error] undefined
[2020-08-01 11:51:33.693] [exthost] [error] [ms-vscode.cpptools] provider FAILED
[2020-08-01 11:51:33.693] [exthost] [error] undefined
[2020-08-01 11:51:57.289] [exthost] [error] [ms-vscode.cpptools] provider FAILED
[2020-08-01 11:51:57.289] [exthost] [error] undefined
[2020-08-01 11:52:00.026] [exthost] [error] [ms-vscode.cpptools] provider FAILED
[2020-08-01 11:52:00.026] [exthost] [error] undefined
[2020-08-01 11:52:14.692] [exthost] [error] [ms-vscode.cpptools] provider FAILED
[2020-08-01 11:52:14.692] [exthost] [error] undefined
[2020-08-01 11:52:21.062] [exthost] [error] [ms-vscode.cpptools] provider FAILED
[2020-08-01 11:52:21.062] [exthost] [error] undefined
[2020-08-01 11:52:23.244] [exthost] [error] [ms-vscode.cpptools] provider FAILED
[2020-08-01 11:52:23.244] [exthost] [error] undefined
[2020-08-01 11:52:29.733] [exthost] [error] [ms-vscode.cpptools] provider FAILED
[2020-08-01 11:52:29.733] [exthost] [error] undefined
[2020-08-01 11:53:16.547] [exthost] [error] [ms-vscode.cpptools] provider FAILED
[2020-08-01 11:53:16.547] [exthost] [error] undefined
[2020-08-01 11:53:25.362] [exthost] [error] [ms-vscode.cpptools] provider FAILED
[2020-08-01 11:53:25.362] [exthost] [error] undefined
[2020-08-01 11:53:40.280] [exthost] [error] [ms-vscode.cpptools] provider FAILED
[2020-08-01 11:53:40.280] [exthost] [error] undefined
[2020-08-01 11:53:43.080] [exthost] [error] [ms-vscode.cpptools] provider FAILED
[2020-08-01 11:53:43.081] [exthost] [error] undefined
[2020-08-01 11:54:43.360] [exthost] [error] [ms-vscode.cpptools] provider FAILED
[2020-08-01 11:54:43.360] [exthost] [error] undefined
[2020-08-01 11:54:53.531] [exthost] [error] [ms-vscode.cpptools] provider FAILED
[2020-08-01 11:54:53.531] [exthost] [error] undefined
[2020-08-01 11:55:22.041] [exthost] [error] [ms-vscode.cpptools] provider FAILED
[2020-08-01 11:55:22.041] [exthost] [error] undefined
[2020-08-01 11:55:23.948] [exthost] [error] [ms-vscode.cpptools] provider FAILED
[2020-08-01 11:55:23.948] [exthost] [error] undefined
[2020-08-01 11:55:28.163] [exthost] [error] [ms-vscode.cpptools] provider FAILED
[2020-08-01 11:55:28.163] [exthost] [error] undefined
[2020-08-01 11:55:30.331] [exthost] [error] [ms-vscode.cpptools] provider FAILED
[2020-08-01 11:55:30.331] [exthost] [error] undefined
[2020-08-01 11:55:37.216] [exthost] [error] [ms-vscode.cpptools] provider FAILED
[2020-08-01 11:55:37.216] [exthost] [error] undefined
[2020-08-01 11:56:03.238] [exthost] [error] [ms-vscode.cpptools] provider FAILED
[2020-08-01 11:56:03.238] [exthost] [error] undefined
[2020-08-01 11:56:11.481] [exthost] [error] [ms-vscode.cpptools] provider FAILED
[2020-08-01 11:56:11.481] [exthost] [error] undefined
[2020-08-01 11:56:15.856] [exthost] [error] [ms-vscode.cpptools] provider FAILED
[2020-08-01 11:56:15.856] [exthost] [error] undefined
[2020-08-01 11:56:20.685] [exthost] [error] [ms-vscode.cpptools] provider FAILED
[2020-08-01 11:56:20.685] [exthost] [error] undefined
[2020-08-01 11:57:23.163] [exthost] [error] [ms-vscode.cpptools] provider FAILED
[2020-08-01 11:57:23.163] [exthost] [error] undefined
[2020-08-01 11:57:57.135] [exthost] [error] [ms-vscode.cpptools] provider FAILED
[2020-08-01 11:57:57.135] [exthost] [error] undefined
[2020-08-01 11:58:01.769] [exthost] [error] [ms-vscode.cpptools] provider FAILED
[2020-08-01 11:58:01.769] [exthost] [error] undefined
[2020-08-01 11:58:06.214] [exthost] [error] [ms-vscode.cpptools] provider FAILED
[2020-08-01 11:58:06.214] [exthost] [error] undefined
[2020-08-01 11:58:08.439] [exthost] [error] [ms-vscode.cpptools] provider FAILED
[2020-08-01 11:58:08.439] [exthost] [error] undefined
[2020-08-01 11:58:18.073] [exthost] [error] [ms-vscode.cpptools] provider FAILED
[2020-08-01 11:58:18.073] [exthost] [error] undefined
[2020-08-01 11:58:18.879] [exthost] [error] [ms-vscode.cpptools] provider FAILED
[2020-08-01 11:58:18.879] [exthost] [error] undefined
[2020-08-01 11:58:21.007] [exthost] [error] [ms-vscode.cpptools] provider FAILED
[2020-08-01 11:58:21.007] [exthost] [error] undefined
[2020-08-01 11:58:34.813] [exthost] [error] [ms-vscode.cpptools] provider FAILED
[2020-08-01 11:58:34.813] [exthost] [error] undefined
[2020-08-01 11:59:28.767] [exthost] [info] ExtensionService#_doActivateExtension vscode.configuration-editing {"startup":false,"extensionId":{"value":"vscode.configuration-editing","_lower":"vscode.configuration-editing"},"activationEvent":"onLanguage:jsonc"}
[2020-08-01 11:59:28.773] [exthost] [info] ExtensionService#loadCommonJSModule file:///home/guilherme/.vscode-server/bin/91899dcef7b8110878ea59626991a18c8a6a1b3e/extensions/configuration-editing/dist/configurationEditingMain
[2020-08-01 11:59:28.799] [exthost] [info] ExtensionService#_doActivateExtension vscode.json-language-features {"startup":false,"extensionId":{"value":"vscode.json-language-features","_lower":"vscode.json-language-features"},"activationEvent":"onLanguage:jsonc"}
[2020-08-01 11:59:28.799] [exthost] [info] ExtensionService#loadCommonJSModule file:///home/guilherme/.vscode-server/bin/91899dcef7b8110878ea59626991a18c8a6a1b3e/extensions/json-language-features/client/dist/node/jsonClientMain
[2020-08-01 11:59:28.930] [exthost] [info] ExtensionService#_doActivateExtension vscode.typescript-language-features {"startup":false,"extensionId":{"value":"vscode.typescript-language-features","_lower":"vscode.typescript-language-features"},"activationEvent":"onLanguage:jsonc"}
[2020-08-01 11:59:28.930] [exthost] [info] ExtensionService#loadCommonJSModule file:///home/guilherme/.vscode-server/bin/91899dcef7b8110878ea59626991a18c8a6a1b3e/extensions/typescript-language-features/dist/extension
[2020-08-01 11:59:36.134] [exthost] [error] [ms-vscode.cpptools] provider FAILED
[2020-08-01 11:59:36.134] [exthost] [error] undefined
[2020-08-01 11:59:48.389] [exthost] [error] [ms-vscode.cpptools] provider FAILED
[2020-08-01 11:59:48.389] [exthost] [error] undefined
[2020-08-01 12:00:14.783] [exthost] [error] [ms-vscode.cpptools] provider FAILED
[2020-08-01 12:00:14.783] [exthost] [error] undefined
[2020-08-01 12:01:30.041] [exthost] [error] [ms-vscode.cpptools] provider FAILED
[2020-08-01 12:01:30.041] [exthost] [error] undefined
[2020-08-01 12:01:34.953] [exthost] [error] [ms-vscode.cpptools] provider FAILED
[2020-08-01 12:01:34.953] [exthost] [error] undefined
[2020-08-01 12:01:46.034] [exthost] [error] [ms-vscode.cpptools] provider FAILED
[2020-08-01 12:01:46.034] [exthost] [error] undefined
[2020-08-01 12:01:47.673] [exthost] [error] [ms-vscode.cpptools] provider FAILED
[2020-08-01 12:01:47.673] [exthost] [error] undefined
[2020-08-01 12:01:49.716] [exthost] [error] [ms-vscode.cpptools] provider FAILED
[2020-08-01 12:01:49.716] [exthost] [error] undefined
[2020-08-01 12:01:52.159] [exthost] [error] [ms-vscode.cpptools] provider FAILED
[2020-08-01 12:01:52.159] [exthost] [error] undefined
[2020-08-01 12:01:53.962] [exthost] [error] [ms-vscode.cpptools] provider FAILED
[2020-08-01 12:01:53.962] [exthost] [error] undefined
[2020-08-01 12:02:02.596] [exthost] [error] [ms-vscode.cpptools] provider FAILED
[2020-08-01 12:02:02.596] [exthost] [error] undefined
[2020-08-01 12:02:32.856] [exthost] [error] [ms-vscode.cpptools] provider FAILED
[2020-08-01 12:02:32.857] [exthost] [error] undefined
[2020-08-01 12:02:51.655] [exthost] [error] [ms-vscode.cpptools] provider FAILED
[2020-08-01 12:02:51.655] [exthost] [error] undefined
[2020-08-01 12:03:16.781] [exthost] [error] [ms-vscode.cpptools] provider FAILED
[2020-08-01 12:03:16.781] [exthost] [error] undefined
[2020-08-01 12:05:27.258] [exthost] [error] [ms-vscode.cpptools] provider FAILED
[2020-08-01 12:05:27.258] [exthost] [error] undefined
[2020-08-01 12:05:42.273] [exthost] [error] [ms-vscode.cpptools] provider FAILED
[2020-08-01 12:05:42.273] [exthost] [error] undefined
[2020-08-01 12:06:15.179] [exthost] [error] [ms-vscode.cpptools] provider FAILED
[2020-08-01 12:06:15.179] [exthost] [error] undefined
[2020-08-01 12:06:17.322] [exthost] [error] [ms-vscode.cpptools] provider FAILED
[2020-08-01 12:06:17.322] [exthost] [error] undefined
[2020-08-01 12:06:19.452] [exthost] [error] [ms-vscode.cpptools] provider FAILED
[2020-08-01 12:06:19.452] [exthost] [error] undefined
[2020-08-01 12:06:21.465] [exthost] [error] [ms-vscode.cpptools] provider FAILED
[2020-08-01 12:06:21.465] [exthost] [error] undefined
[2020-08-01 12:06:35.971] [exthost] [error] [ms-vscode.cpptools] provider FAILED
[2020-08-01 12:06:35.971] [exthost] [error] undefined
[2020-08-01 12:06:38.258] [exthost] [error] [ms-vscode.cpptools] provider FAILED
[2020-08-01 12:06:38.258] [exthost] [error] undefined
[2020-08-01 12:06:47.065] [exthost] [error] [ms-vscode.cpptools] provider FAILED
[2020-08-01 12:06:47.065] [exthost] [error] undefined
[2020-08-01 12:06:55.701] [exthost] [error] [ms-vscode.cpptools] provider FAILED
[2020-08-01 12:06:55.701] [exthost] [error] undefined
[2020-08-01 12:06:58.005] [exthost] [error] [ms-vscode.cpptools] provider FAILED
[2020-08-01 12:06:58.005] [exthost] [error] undefined
[2020-08-01 12:07:46.269] [exthost] [error] [ms-vscode.cpptools] provider FAILED
[2020-08-01 12:07:46.269] [exthost] [error] undefined
[2020-08-01 12:07:52.550] [exthost] [error] [ms-vscode.cpptools] provider FAILED
[2020-08-01 12:07:52.550] [exthost] [error] undefined
[2020-08-01 12:07:58.833] [exthost] [error] [ms-vscode.cpptools] provider FAILED
[2020-08-01 12:07:58.833] [exthost] [error] undefined
[2020-08-01 12:08:52.281] [exthost] [error] [ms-vscode.cpptools] provider FAILED
[2020-08-01 12:08:52.281] [exthost] [error] undefined
[2020-08-01 12:09:17.390] [exthost] [error] [ms-vscode.cpptools] provider FAILED
[2020-08-01 12:09:17.390] [exthost] [error] undefined
[2020-08-01 12:10:43.588] [exthost] [error] [ms-vscode.cpptools] provider FAILED
[2020-08-01 12:10:43.588] [exthost] [error] undefined
[2020-08-01 12:11:04.403] [exthost] [error] [ms-vscode.cpptools] provider FAILED
[2020-08-01 12:11:04.403] [exthost] [error] undefined
[2020-08-01 12:11:19.093] [exthost] [error] [ms-vscode.cpptools] provider FAILED
[2020-08-01 12:11:19.093] [exthost] [error] undefined
[2020-08-01 12:11:23.374] [exthost] [error] [ms-vscode.cpptools] provider FAILED
[2020-08-01 12:11:23.374] [exthost] [error] undefined
[2020-08-01 12:11:57.639] [exthost] [error] [ms-vscode.cpptools] provider FAILED
[2020-08-01 12:11:57.639] [exthost] [error] undefined
[2020-08-01 12:12:04.175] [exthost] [error] [ms-vscode.cpptools] provider FAILED
[2020-08-01 12:12:04.175] [exthost] [error] undefined
[2020-08-01 12:12:26.381] [exthost] [error] [ms-vscode.cpptools] provider FAILED
[2020-08-01 12:12:26.381] [exthost] [error] undefined
[2020-08-01 12:12:28.532] [exthost] [error] [ms-vscode.cpptools] provider FAILED
[2020-08-01 12:12:28.532] [exthost] [error] undefined
[2020-08-01 12:12:45.594] [exthost] [error] [ms-vscode.cpptools] provider FAILED
[2020-08-01 12:12:45.594] [exthost] [error] undefined
[2020-08-01 12:12:56.777] [exthost] [error] [ms-vscode.cpptools] provider FAILED
[2020-08-01 12:12:56.777] [exthost] [error] undefined
[2020-08-01 12:13:01.035] [exthost] [error] [ms-vscode.cpptools] provider FAILED
[2020-08-01 12:13:01.035] [exthost] [error] undefined
[2020-08-01 12:16:00.090] [exthost] [error] [ms-vscode.cpptools] provider FAILED
[2020-08-01 12:16:00.090] [exthost] [error] undefined
[2020-08-01 12:16:47.768] [exthost] [error] [ms-vscode.cpptools] provider FAILED
[2020-08-01 12:16:47.768] [exthost] [error] undefined
[2020-08-01 12:16:50.659] [exthost] [error] [ms-vscode.cpptools] provider FAILED
[2020-08-01 12:16:50.659] [exthost] [error] undefined
[2020-08-01 12:17:55.864] [exthost] [error] [ms-vscode.cpptools] provider FAILED
[2020-08-01 12:17:55.864] [exthost] [error] undefined
[2020-08-01 12:18:06.212] [exthost] [error] [ms-vscode.cpptools] provider FAILED
[2020-08-01 12:18:06.212] [exthost] [error] undefined
[2020-08-01 12:18:08.245] [exthost] [error] [ms-vscode.cpptools] provider FAILED
[2020-08-01 12:18:08.245] [exthost] [error] undefined
[2020-08-01 12:18:29.325] [exthost] [error] [ms-vscode.cpptools] provider FAILED
[2020-08-01 12:18:29.325] [exthost] [error] undefined
[2020-08-01 12:18:31.303] [exthost] [error] [ms-vscode.cpptools] provider FAILED
[2020-08-01 12:18:31.303] [exthost] [error] undefined
[2020-08-01 12:18:48.476] [exthost] [error] [ms-vscode.cpptools] provider FAILED
[2020-08-01 12:18:48.476] [exthost] [error] undefined
[2020-08-01 12:18:52.741] [exthost] [error] [ms-vscode.cpptools] provider FAILED
[2020-08-01 12:18:52.741] [exthost] [error] undefined
[2020-08-01 12:18:57.156] [exthost] [error] [ms-vscode.cpptools] provider FAILED
[2020-08-01 12:18:57.156] [exthost] [error] undefined
[2020-08-01 12:19:01.297] [exthost] [error] [ms-vscode.cpptools] provider FAILED
[2020-08-01 12:19:01.297] [exthost] [error] undefined
[2020-08-01 12:19:05.762] [exthost] [error] [ms-vscode.cpptools] provider FAILED
[2020-08-01 12:19:05.762] [exthost] [error] undefined
[2020-08-01 12:19:22.692] [exthost] [error] [ms-vscode.cpptools] provider FAILED
[2020-08-01 12:19:22.692] [exthost] [error] undefined
[2020-08-01 12:19:28.823] [exthost] [error] [ms-vscode.cpptools] provider FAILED
[2020-08-01 12:19:28.823] [exthost] [error] undefined
[2020-08-01 12:20:06.290] [exthost] [error] [ms-vscode.cpptools] provider FAILED
[2020-08-01 12:20:06.290] [exthost] [error] undefined
[2020-08-01 12:20:12.539] [exthost] [error] [ms-vscode.cpptools] provider FAILED
[2020-08-01 12:20:12.539] [exthost] [error] undefined
[2020-08-01 12:20:18.949] [exthost] [error] [ms-vscode.cpptools] provider FAILED
[2020-08-01 12:20:18.949] [exthost] [error] undefined
[2020-08-01 12:20:21.009] [exthost] [error] [ms-vscode.cpptools] provider FAILED
[2020-08-01 12:20:21.009] [exthost] [error] undefined
[2020-08-01 12:21:28.834] [exthost] [error] [ms-vscode.cpptools] provider FAILED
[2020-08-01 12:21:28.834] [exthost] [error] undefined
[2020-08-01 12:23:24.236] [exthost] [error] [ms-vscode.cpptools] provider FAILED
[2020-08-01 12:23:24.236] [exthost] [error] undefined
[2020-08-01 12:23:31.103] [exthost] [error] [ms-vscode.cpptools] provider FAILED
[2020-08-01 12:23:31.103] [exthost] [error] undefined
[2020-08-01 12:23:44.018] [exthost] [error] [ms-vscode.cpptools] provider FAILED
[2020-08-01 12:23:44.018] [exthost] [error] undefined
[2020-08-01 12:23:52.368] [exthost] [error] [ms-vscode.cpptools] provider FAILED
[2020-08-01 12:23:52.368] [exthost] [error] undefined
[2020-08-01 12:25:14.324] [exthost] [error] [ms-vscode.cpptools] provider FAILED
[2020-08-01 12:25:14.324] [exthost] [error] undefined
[2020-08-01 12:25:52.399] [exthost] [error] [ms-vscode.cpptools] provider FAILED
[2020-08-01 12:25:52.399] [exthost] [error] undefined
[2020-08-01 12:26:05.328] [exthost] [error] [ms-vscode.cpptools] provider FAILED
[2020-08-01 12:26:05.328] [exthost] [error] undefined
[2020-08-01 12:26:07.451] [exthost] [error] [ms-vscode.cpptools] provider FAILED
[2020-08-01 12:26:07.451] [exthost] [error] undefined
[2020-08-01 12:26:37.497] [exthost] [error] [ms-vscode.cpptools] provider FAILED
[2020-08-01 12:26:37.497] [exthost] [error] undefined
[2020-08-01 12:26:50.814] [exthost] [error] [ms-vscode.cpptools] provider FAILED
[2020-08-01 12:26:50.814] [exthost] [error] undefined
[2020-08-01 12:26:52.854] [exthost] [error] [ms-vscode.cpptools] provider FAILED
[2020-08-01 12:26:52.854] [exthost] [error] undefined
[2020-08-01 12:27:07.606] [exthost] [error] [ms-vscode.cpptools] provider FAILED
[2020-08-01 12:27:07.606] [exthost] [error] undefined
[2020-08-01 12:27:09.859] [exthost] [error] [ms-vscode.cpptools] provider FAILED
[2020-08-01 12:27:09.859] [exthost] [error] undefined
[2020-08-01 12:27:12.019] [exthost] [error] [ms-vscode.cpptools] provider FAILED
[2020-08-01 12:27:12.019] [exthost] [error] undefined
[2020-08-01 12:27:16.702] [exthost] [error] [ms-vscode.cpptools] provider FAILED
[2020-08-01 12:27:16.702] [exthost] [error] undefined
[2020-08-01 12:27:22.930] [exthost] [error] [ms-vscode.cpptools] provider FAILED
[2020-08-01 12:27:22.930] [exthost] [error] undefined
[2020-08-01 12:27:24.758] [exthost] [error] [ms-vscode.cpptools] provider FAILED
[2020-08-01 12:27:24.758] [exthost] [error] undefined
[2020-08-01 12:27:35.484] [exthost] [error] [ms-vscode.cpptools] provider FAILED
[2020-08-01 12:27:35.484] [exthost] [error] undefined
[2020-08-01 12:27:39.625] [exthost] [error] [ms-vscode.cpptools] provider FAILED
[2020-08-01 12:27:39.625] [exthost] [error] undefined
[2020-08-01 12:32:36.534] [exthost] [error] [ms-vscode.cpptools] provider FAILED
[2020-08-01 12:32:36.534] [exthost] [error] undefined
[2020-08-01 12:32:40.559] [exthost] [error] [ms-vscode.cpptools] provider FAILED
[2020-08-01 12:32:40.559] [exthost] [error] undefined
[2020-08-01 12:32:48.876] [exthost] [error] [ms-vscode.cpptools] provider FAILED
[2020-08-01 12:32:48.876] [exthost] [error] undefined
[2020-08-01 12:32:55.308] [exthost] [error] [ms-vscode.cpptools] provider FAILED
[2020-08-01 12:32:55.308] [exthost] [error] undefined
[2020-08-01 12:34:25.732] [exthost] [error] [ms-vscode.cpptools] provider FAILED
[2020-08-01 12:34:25.732] [exthost] [error] undefined
[2020-08-01 12:34:29.892] [exthost] [error] [ms-vscode.cpptools] provider FAILED
[2020-08-01 12:34:29.892] [exthost] [error] undefined
[2020-08-01 12:34:32.010] [exthost] [error] [ms-vscode.cpptools] provider FAILED
[2020-08-01 12:34:32.010] [exthost] [error] undefined
[2020-08-01 12:34:45.147] [exthost] [error] [ms-vscode.cpptools] provider FAILED
[2020-08-01 12:34:45.147] [exthost] [error] undefined
[2020-08-01 12:35:23.528] [exthost] [error] [ms-vscode.cpptools] provider FAILED
[2020-08-01 12:35:23.528] [exthost] [error] undefined
[2020-08-01 12:35:39.048] [exthost] [error] [ms-vscode.cpptools] provider FAILED
[2020-08-01 12:35:39.048] [exthost] [error] undefined
[2020-08-01 12:35:41.408] [exthost] [error] [ms-vscode.cpptools] provider FAILED
[2020-08-01 12:35:41.408] [exthost] [error] undefined
[2020-08-01 12:35:51.603] [exthost] [error] [ms-vscode.cpptools] provider FAILED
[2020-08-01 12:35:51.603] [exthost] [error] undefined
[2020-08-01 12:36:00.051] [exthost] [error] [ms-vscode.cpptools] provider FAILED
[2020-08-01 12:36:00.051] [exthost] [error] undefined
[2020-08-01 12:36:10.591] [exthost] [error] [ms-vscode.cpptools] provider FAILED
[2020-08-01 12:36:10.591] [exthost] [error] undefined
[2020-08-01 12:36:54.932] [exthost] [error] [ms-vscode.cpptools] provider FAILED
[2020-08-01 12:36:54.932] [exthost] [error] undefined
[2020-08-01 12:37:01.133] [exthost] [error] [ms-vscode.cpptools] provider FAILED
[2020-08-01 12:37:01.133] [exthost] [error] undefined
[2020-08-01 12:37:09.803] [exthost] [error] [ms-vscode.cpptools] provider FAILED
[2020-08-01 12:37:09.803] [exthost] [error] undefined
[2020-08-01 12:37:16.499] [exthost] [error] [ms-vscode.cpptools] provider FAILED
[2020-08-01 12:37:16.499] [exthost] [error] undefined
[2020-08-01 12:37:37.827] [exthost] [error] [ms-vscode.cpptools] provider FAILED
[2020-08-01 12:37:37.827] [exthost] [error] undefined
[2020-08-01 12:37:42.259] [exthost] [error] [ms-vscode.cpptools] provider FAILED
[2020-08-01 12:37:42.259] [exthost] [error] undefined
[2020-08-01 12:37:50.549] [exthost] [error] [ms-vscode.cpptools] provider FAILED
[2020-08-01 12:37:50.549] [exthost] [error] undefined
[2020-08-01 12:37:56.752] [exthost] [error] [ms-vscode.cpptools] provider FAILED
[2020-08-01 12:37:56.752] [exthost] [error] undefined
[2020-08-01 12:38:09.931] [exthost] [error] [ms-vscode.cpptools] provider FAILED
[2020-08-01 12:38:09.931] [exthost] [error] undefined
[2020-08-01 12:38:16.954] [exthost] [error] [ms-vscode.cpptools] provider FAILED
[2020-08-01 12:38:16.954] [exthost] [error] undefined
[2020-08-01 12:38:28.317] [exthost] [error] [ms-vscode.cpptools] provider FAILED
[2020-08-01 12:38:28.317] [exthost] [error] undefined
[2020-08-01 12:38:35.310] [exthost] [error] [ms-vscode.cpptools] provider FAILED
[2020-08-01 12:38:35.310] [exthost] [error] undefined
[2020-08-01 12:38:37.491] [exthost] [error] [ms-vscode.cpptools] provider FAILED
[2020-08-01 12:38:37.491] [exthost] [error] undefined
[2020-08-01 12:38:47.525] [exthost] [error] [ms-vscode.cpptools] provider FAILED
[2020-08-01 12:38:47.525] [exthost] [error] undefined
[2020-08-01 12:38:49.809] [exthost] [error] [ms-vscode.cpptools] provider FAILED
[2020-08-01 12:38:49.809] [exthost] [error] undefined
[2020-08-01 12:38:52.565] [exthost] [error] [ms-vscode.cpptools] provider FAILED
[2020-08-01 12:38:52.565] [exthost] [error] undefined
[2020-08-01 12:39:34.189] [exthost] [error] [ms-vscode.cpptools] provider FAILED
[2020-08-01 12:39:34.189] [exthost] [error] undefined
[2020-08-01 12:39:40.842] [exthost] [error] [ms-vscode.cpptools] provider FAILED
[2020-08-01 12:39:40.842] [exthost] [error] undefined
[2020-08-01 12:40:18.613] [exthost] [error] [ms-vscode.cpptools] provider FAILED
[2020-08-01 12:40:18.613] [exthost] [error] undefined
[2020-08-01 12:40:20.999] [exthost] [error] [ms-vscode.cpptools] provider FAILED
[2020-08-01 12:40:20.999] [exthost] [error] undefined
[2020-08-01 12:40:29.420] [exthost] [error] [ms-vscode.cpptools] provider FAILED
[2020-08-01 12:40:29.420] [exthost] [error] undefined
[2020-08-01 12:40:39.840] [exthost] [error] [ms-vscode.cpptools] provider FAILED
[2020-08-01 12:40:39.840] [exthost] [error] undefined
[2020-08-01 12:40:43.886] [exthost] [error] [ms-vscode.cpptools] provider FAILED
[2020-08-01 12:40:43.886] [exthost] [error] undefined
[2020-08-01 12:42:13.429] [exthost] [error] [ms-vscode.cpptools] provider FAILED
[2020-08-01 12:42:13.429] [exthost] [error] undefined
[2020-08-01 12:42:24.168] [exthost] [error] [ms-vscode.cpptools] provider FAILED
[2020-08-01 12:42:24.168] [exthost] [error] undefined
[2020-08-01 12:42:34.921] [exthost] [error] [ms-vscode.cpptools] provider FAILED
[2020-08-01 12:42:34.921] [exthost] [error] undefined
[2020-08-01 12:42:43.443] [exthost] [error] [ms-vscode.cpptools] provider FAILED
[2020-08-01 12:42:43.443] [exthost] [error] undefined
[2020-08-01 12:42:55.898] [exthost] [error] [ms-vscode.cpptools] provider FAILED
[2020-08-01 12:42:55.898] [exthost] [error] undefined
[2020-08-01 12:43:10.848] [exthost] [error] [ms-vscode.cpptools] provider FAILED
[2020-08-01 12:43:10.848] [exthost] [error] undefined
[2020-08-01 12:43:48.768] [exthost] [error] [ms-vscode.cpptools] provider FAILED
[2020-08-01 12:43:48.768] [exthost] [error] undefined
[2020-08-01 12:44:39.946] [exthost] [error] [ms-vscode.cpptools] provider FAILED
[2020-08-01 12:44:39.946] [exthost] [error] undefined
[2020-08-01 12:44:59.503] [exthost] [error] [ms-vscode.cpptools] provider FAILED
[2020-08-01 12:44:59.503] [exthost] [error] undefined
[2020-08-01 12:46:00.787] [exthost] [error] [ms-vscode.cpptools] provider FAILED
[2020-08-01 12:46:00.787] [exthost] [error] undefined
[2020-08-01 12:46:09.401] [exthost] [error] [ms-vscode.cpptools] provider FAILED
[2020-08-01 12:46:09.401] [exthost] [error] undefined
[2020-08-01 12:46:21.951] [exthost] [error] [ms-vscode.cpptools] provider FAILED
[2020-08-01 12:46:21.951] [exthost] [error] undefined
[2020-08-01 12:46:34.666] [exthost] [error] [ms-vscode.cpptools] provider FAILED
[2020-08-01 12:46:34.666] [exthost] [error] undefined
[2020-08-01 12:48:50.379] [exthost] [error] [ms-vscode.cpptools] provider FAILED
[2020-08-01 12:48:50.379] [exthost] [error] undefined
[2020-08-01 12:49:04.013] [exthost] [error] [ms-vscode.cpptools] provider FAILED
[2020-08-01 12:49:04.013] [exthost] [error] undefined
[2020-08-01 12:49:26.530] [exthost] [error] [ms-vscode.cpptools] provider FAILED
[2020-08-01 12:49:26.530] [exthost] [error] undefined
[2020-08-01 12:49:46.524] [exthost] [error] [ms-vscode.cpptools] provider FAILED
[2020-08-01 12:49:46.524] [exthost] [error] undefined
[2020-08-01 12:49:48.880] [exthost] [error] [ms-vscode.cpptools] provider FAILED
[2020-08-01 12:49:48.880] [exthost] [error] undefined
[2020-08-01 12:49:50.962] [exthost] [error] [ms-vscode.cpptools] provider FAILED
[2020-08-01 12:49:50.962] [exthost] [error] undefined
[2020-08-01 12:50:47.848] [exthost] [error] [ms-vscode.cpptools] provider FAILED
[2020-08-01 12:50:47.848] [exthost] [error] undefined
[2020-08-01 12:51:15.378] [exthost] [error] [ms-vscode.cpptools] provider FAILED
[2020-08-01 12:51:15.378] [exthost] [error] undefined
[2020-08-01 12:51:30.082] [exthost] [error] [ms-vscode.cpptools] provider FAILED
[2020-08-01 12:51:30.082] [exthost] [error] undefined
[2020-08-01 12:52:12.062] [exthost] [error] [ms-vscode.cpptools] provider FAILED
[2020-08-01 12:52:12.062] [exthost] [error] undefined
[2020-08-01 12:52:14.105] [exthost] [error] [ms-vscode.cpptools] provider FAILED
[2020-08-01 12:52:14.105] [exthost] [error] undefined
[2020-08-01 12:52:40.384] [exthost] [error] [ms-vscode.cpptools] provider FAILED
[2020-08-01 12:52:40.384] [exthost] [error] undefined
[2020-08-01 12:52:43.327] [exthost] [error] [ms-vscode.cpptools] provider FAILED
[2020-08-01 12:52:43.327] [exthost] [error] undefined
[2020-08-01 12:54:50.748] [exthost] [error] [ms-vscode.cpptools] provider FAILED
[2020-08-01 12:54:50.748] [exthost] [error] undefined
[2020-08-01 12:57:56.172] [exthost] [error] [ms-vscode.cpptools] provider FAILED
[2020-08-01 12:57:56.172] [exthost] [error] undefined
[2020-08-01 12:58:21.697] [exthost] [error] [ms-vscode.cpptools] provider FAILED
[2020-08-01 12:58:21.697] [exthost] [error] undefined
[2020-08-01 12:59:14.612] [exthost] [error] [ms-vscode.cpptools] provider FAILED
[2020-08-01 12:59:14.612] [exthost] [error] undefined
[2020-08-01 13:00:23.062] [exthost] [error] [ms-vscode.cpptools] provider FAILED
[2020-08-01 13:00:23.062] [exthost] [error] undefined
[2020-08-01 13:00:30.613] [exthost] [error] [ms-vscode.cpptools] provider FAILED
[2020-08-01 13:00:30.613] [exthost] [error] undefined
[2020-08-01 13:00:38.510] [exthost] [error] [ms-vscode.cpptools] provider FAILED
[2020-08-01 13:00:38.510] [exthost] [error] undefined
[2020-08-01 13:00:45.290] [exthost] [error] [ms-vscode.cpptools] provider FAILED
[2020-08-01 13:00:45.290] [exthost] [error] undefined
[2020-08-01 13:01:35.231] [exthost] [error] [ms-vscode.cpptools] provider FAILED
[2020-08-01 13:01:35.231] [exthost] [error] undefined
[2020-08-01 13:01:46.874] [exthost] [error] [ms-vscode.cpptools] provider FAILED
[2020-08-01 13:01:46.874] [exthost] [error] undefined
[2020-08-01 13:01:48.878] [exthost] [error] [ms-vscode.cpptools] provider FAILED
[2020-08-01 13:01:48.878] [exthost] [error] undefined
[2020-08-01 13:02:06.144] [exthost] [error] [ms-vscode.cpptools] provider FAILED
[2020-08-01 13:02:06.144] [exthost] [error] undefined
[2020-08-01 13:02:57.062] [exthost] [error] [ms-vscode.cpptools] provider FAILED
[2020-08-01 13:02:57.062] [exthost] [error] undefined
[2020-08-01 13:03:03.269] [exthost] [error] [ms-vscode.cpptools] provider FAILED
[2020-08-01 13:03:03.269] [exthost] [error] undefined
[2020-08-01 13:03:11.901] [exthost] [error] [ms-vscode.cpptools] provider FAILED
[2020-08-01 13:03:11.901] [exthost] [error] undefined
[2020-08-01 13:03:22.285] [exthost] [error] [ms-vscode.cpptools] provider FAILED
[2020-08-01 13:03:22.285] [exthost] [error] undefined
[2020-08-01 13:03:37.676] [exthost] [error] [ms-vscode.cpptools] provider FAILED
[2020-08-01 13:03:37.676] [exthost] [error] undefined
[2020-08-01 13:03:45.992] [exthost] [error] [ms-vscode.cpptools] provider FAILED
[2020-08-01 13:03:45.992] [exthost] [error] undefined
[2020-08-01 13:04:08.974] [exthost] [error] [ms-vscode.cpptools] provider FAILED
[2020-08-01 13:04:08.974] [exthost] [error] undefined
[2020-08-01 13:04:17.694] [exthost] [error] [ms-vscode.cpptools] provider FAILED
[2020-08-01 13:04:17.694] [exthost] [error] undefined
[2020-08-01 13:04:51.994] [exthost] [error] [ms-vscode.cpptools] provider FAILED
[2020-08-01 13:04:51.994] [exthost] [error] undefined
[2020-08-01 13:05:55.349] [exthost] [error] [ms-vscode.cpptools] provider FAILED
[2020-08-01 13:05:55.349] [exthost] [error] undefined
[2020-08-01 13:06:16.483] [exthost] [error] [ms-vscode.cpptools] provider FAILED
[2020-08-01 13:06:16.484] [exthost] [error] undefined
[2020-08-01 13:07:56.257] [exthost] [error] [ms-vscode.cpptools] provider FAILED
[2020-08-01 13:07:56.257] [exthost] [error] undefined
[2020-08-01 13:09:41.297] [exthost] [error] [ms-vscode.cpptools] provider FAILED
[2020-08-01 13:09:41.298] [exthost] [error] undefined
[2020-08-01 13:09:57.853] [exthost] [error] [ms-vscode.cpptools] provider FAILED
[2020-08-01 13:09:57.853] [exthost] [error] undefined
[2020-08-01 13:11:34.147] [exthost] [error] [ms-vscode.cpptools] provider FAILED
[2020-08-01 13:11:34.147] [exthost] [error] undefined
[2020-08-01 13:11:44.378] [exthost] [error] [ms-vscode.cpptools] provider FAILED
[2020-08-01 13:11:44.378] [exthost] [error] undefined
[2020-08-01 13:12:55.055] [exthost] [error] [ms-vscode.cpptools] provider FAILED
[2020-08-01 13:12:55.055] [exthost] [error] undefined
[2020-08-01 13:13:39.791] [exthost] [error] [ms-vscode.cpptools] provider FAILED
[2020-08-01 13:13:39.791] [exthost] [error] undefined
[2020-08-01 13:13:52.208] [exthost] [error] [ms-vscode.cpptools] provider FAILED
[2020-08-01 13:13:52.208] [exthost] [error] undefined
[2020-08-01 13:13:54.385] [exthost] [error] [ms-vscode.cpptools] provider FAILED
[2020-08-01 13:13:54.385] [exthost] [error] undefined
[2020-08-01 13:15:11.797] [exthost] [error] [ms-vscode.cpptools] provider FAILED
[2020-08-01 13:15:11.797] [exthost] [error] undefined
[2020-08-01 13:16:31.004] [exthost] [error] [ms-vscode.cpptools] provider FAILED
[2020-08-01 13:16:31.004] [exthost] [error] undefined
[2020-08-01 13:17:31.927] [exthost] [error] [ms-vscode.cpptools] provider FAILED
[2020-08-01 13:17:31.927] [exthost] [error] undefined
[2020-08-01 13:18:34.801] [exthost] [error] [ms-vscode.cpptools] provider FAILED
[2020-08-01 13:18:34.801] [exthost] [error] undefined
[2020-08-01 13:18:45.102] [exthost] [error] [ms-vscode.cpptools] provider FAILED
[2020-08-01 13:18:45.102] [exthost] [error] undefined
[2020-08-01 13:18:46.459] [exthost] [error] [ms-vscode.cpptools] provider FAILED
[2020-08-01 13:18:46.459] [exthost] [error] undefined
[2020-08-01 13:18:59.204] [exthost] [error] [ms-vscode.cpptools] provider FAILED
[2020-08-01 13:18:59.204] [exthost] [error] undefined
[2020-08-01 13:19:06.167] [exthost] [error] [ms-vscode.cpptools] provider FAILED
[2020-08-01 13:19:06.167] [exthost] [error] undefined
[2020-08-01 13:19:14.778] [exthost] [error] [ms-vscode.cpptools] provider FAILED
[2020-08-01 13:19:14.778] [exthost] [error] undefined
[2020-08-01 13:19:16.947] [exthost] [error] [ms-vscode.cpptools] provider FAILED
[2020-08-01 13:19:16.947] [exthost] [error] undefined
[2020-08-01 13:20:43.130] [exthost] [error] [ms-vscode.cpptools] provider FAILED
[2020-08-01 13:20:43.130] [exthost] [error] undefined
[2020-08-01 13:23:11.770] [exthost] [error] [ms-vscode.cpptools] provider FAILED
[2020-08-01 13:23:11.770] [exthost] [error] undefined
[2020-08-01 13:23:20.837] [exthost] [error] [ms-vscode.cpptools] provider FAILED
[2020-08-01 13:23:20.837] [exthost] [error] undefined
[2020-08-01 13:24:22.527] [exthost] [error] [ms-vscode.cpptools] provider FAILED
[2020-08-01 13:24:22.527] [exthost] [error] undefined
[2020-08-01 13:25:00.331] [exthost] [error] [ms-vscode.cpptools] provider FAILED
[2020-08-01 13:25:00.331] [exthost] [error] undefined
[2020-08-01 13:25:05.323] [exthost] [error] [ms-vscode.cpptools] provider FAILED
[2020-08-01 13:25:05.323] [exthost] [error] undefined
[2020-08-01 13:25:26.477] [exthost] [error] [ms-vscode.cpptools] provider FAILED
[2020-08-01 13:25:26.477] [exthost] [error] undefined
[2020-08-01 13:26:15.788] [exthost] [error] [ms-vscode.cpptools] provider FAILED
[2020-08-01 13:26:15.788] [exthost] [error] undefined
[2020-08-01 13:26:27.506] [exthost] [error] [ms-vscode.cpptools] provider FAILED
[2020-08-01 13:26:27.506] [exthost] [error] undefined
[2020-08-01 13:26:37.528] [exthost] [error] [ms-vscode.cpptools] provider FAILED
[2020-08-01 13:26:37.528] [exthost] [error] undefined
[2020-08-01 13:26:44.778] [exthost] [error] [ms-vscode.cpptools] provider FAILED
[2020-08-01 13:26:44.778] [exthost] [error] undefined
[2020-08-01 13:27:09.948] [exthost] [error] [ms-vscode.cpptools] provider FAILED
[2020-08-01 13:27:09.948] [exthost] [error] undefined
[2020-08-01 13:27:20.004] [exthost] [error] [ms-vscode.cpptools] provider FAILED
[2020-08-01 13:27:20.004] [exthost] [error] undefined
[2020-08-01 13:27:25.077] [exthost] [error] [ms-vscode.cpptools] provider FAILED
[2020-08-01 13:27:25.077] [exthost] [error] undefined
[2020-08-01 13:27:27.189] [exthost] [error] [ms-vscode.cpptools] provider FAILED
[2020-08-01 13:27:27.189] [exthost] [error] undefined
[2020-08-01 13:27:29.383] [exthost] [error] [ms-vscode.cpptools] provider FAILED
[2020-08-01 13:27:29.383] [exthost] [error] undefined
[2020-08-01 13:27:47.403] [exthost] [error] [ms-vscode.cpptools] provider FAILED
[2020-08-01 13:27:47.403] [exthost] [error] undefined
[2020-08-01 13:28:09.596] [exthost] [error] [ms-vscode.cpptools] provider FAILED
[2020-08-01 13:28:09.596] [exthost] [error] undefined
[2020-08-01 13:28:36.936] [exthost] [error] [ms-vscode.cpptools] provider FAILED
[2020-08-01 13:28:36.936] [exthost] [error] undefined
[2020-08-01 13:28:43.602] [exthost] [error] [ms-vscode.cpptools] provider FAILED
[2020-08-01 13:28:43.602] [exthost] [error] undefined
[2020-08-01 13:28:47.766] [exthost] [error] [ms-vscode.cpptools] provider FAILED
[2020-08-01 13:28:47.766] [exthost] [error] undefined
[2020-08-01 13:28:59.733] [exthost] [error] [ms-vscode.cpptools] provider FAILED
[2020-08-01 13:28:59.733] [exthost] [error] undefined
[2020-08-01 13:29:08.872] [exthost] [error] [ms-vscode.cpptools] provider FAILED
[2020-08-01 13:29:08.872] [exthost] [error] undefined
[2020-08-01 13:29:11.161] [exthost] [error] [ms-vscode.cpptools] provider FAILED
[2020-08-01 13:29:11.161] [exthost] [error] undefined
[2020-08-01 13:29:18.007] [exthost] [error] [ms-vscode.cpptools] provider FAILED
[2020-08-01 13:29:18.007] [exthost] [error] undefined
[2020-08-01 13:30:04.182] [exthost] [error] [ms-vscode.cpptools] provider FAILED
[2020-08-01 13:30:04.182] [exthost] [error] undefined
[2020-08-01 13:31:34.186] [exthost] [error] [ms-vscode.cpptools] provider FAILED
[2020-08-01 13:31:34.186] [exthost] [error] undefined
[2020-08-01 13:31:42.875] [exthost] [error] [ms-vscode.cpptools] provider FAILED
[2020-08-01 13:31:42.875] [exthost] [error] undefined
[2020-08-01 13:32:48.788] [exthost] [error] [ms-vscode.cpptools] provider FAILED
[2020-08-01 13:32:48.788] [exthost] [error] undefined
[2020-08-01 13:33:03.620] [exthost] [error] [ms-vscode.cpptools] provider FAILED
[2020-08-01 13:33:03.620] [exthost] [error] undefined
[2020-08-01 13:33:11.272] [exthost] [error] [ms-vscode.cpptools] provider FAILED
[2020-08-01 13:33:11.272] [exthost] [error] undefined
[2020-08-01 13:33:21.926] [exthost] [error] [ms-vscode.cpptools] provider FAILED
[2020-08-01 13:33:21.926] [exthost] [error] undefined
[2020-08-01 13:34:10.521] [exthost] [error] [ms-vscode.cpptools] provider FAILED
[2020-08-01 13:34:10.521] [exthost] [error] undefined
[2020-08-01 13:34:16.685] [exthost] [error] [ms-vscode.cpptools] provider FAILED
[2020-08-01 13:34:16.685] [exthost] [error] undefined
[2020-08-01 13:34:20.985] [exthost] [error] [ms-vscode.cpptools] provider FAILED
[2020-08-01 13:34:20.985] [exthost] [error] undefined
[2020-08-01 13:34:43.842] [exthost] [error] [ms-vscode.cpptools] provider FAILED
[2020-08-01 13:34:43.842] [exthost] [error] undefined
[2020-08-01 13:35:01.230] [exthost] [error] [ms-vscode.cpptools] provider FAILED
[2020-08-01 13:35:01.231] [exthost] [error] undefined
[2020-08-01 13:35:41.122] [exthost] [error] [ms-vscode.cpptools] provider FAILED
[2020-08-01 13:35:41.122] [exthost] [error] undefined
[2020-08-01 13:36:00.035] [exthost] [error] [ms-vscode.cpptools] provider FAILED
[2020-08-01 13:36:00.035] [exthost] [error] undefined
[2020-08-01 13:38:36.354] [exthost] [error] [ms-vscode.cpptools] provider FAILED
[2020-08-01 13:38:36.355] [exthost] [error] undefined
[2020-08-01 13:38:40.531] [exthost] [error] [ms-vscode.cpptools] provider FAILED
[2020-08-01 13:38:40.531] [exthost] [error] undefined
[2020-08-01 13:42:29.744] [exthost] [error] [ms-vscode.cpptools] provider FAILED
[2020-08-01 13:42:29.744] [exthost] [error] undefined
[2020-08-01 13:42:34.175] [exthost] [error] [ms-vscode.cpptools] provider FAILED
[2020-08-01 13:42:34.175] [exthost] [error] undefined
[2020-08-01 13:42:38.320] [exthost] [error] [ms-vscode.cpptools] provider FAILED
[2020-08-01 13:42:38.320] [exthost] [error] undefined
[2020-08-01 13:43:19.365] [exthost] [error] [ms-vscode.cpptools] provider FAILED
[2020-08-01 13:43:19.365] [exthost] [error] undefined
