[2020-08-01 11:41:29.506] [exthost] [info] extension host started
[2020-08-01 11:41:29.628] [exthost] [info] ExtensionService#_doActivateExtension austin.code-gnu-global {"startup":false,"extensionId":{"value":"austin.code-gnu-global","_lower":"austin.code-gnu-global"},"activationEvent":"onLanguage:cpp"}
[2020-08-01 11:41:29.628] [exthost] [info] ExtensionService#loadCommonJSModule file:///home/guilherme/.vscode-server/extensions/austin.code-gnu-global-0.2.2/out/src/extension
[2020-08-01 11:41:29.653] [exthost] [info] ExtensionService#_doActivateExtension ms-vscode.cpptools {"startup":false,"extensionId":{"value":"ms-vscode.cpptools","_lower":"ms-vscode.cpptools"},"activationEvent":"onLanguage:cpp"}
[2020-08-01 11:41:29.653] [exthost] [info] ExtensionService#loadCommonJSModule file:///home/guilherme/.vscode-server/extensions/ms-vscode.cpptools-0.29.0/dist/main
[2020-08-01 11:41:29.747] [exthost] [info] ExtensionService#_doActivateExtension vscode.debug-auto-launch {"startup":true,"extensionId":{"value":"vscode.debug-auto-launch","_lower":"vscode.debug-auto-launch"},"activationEvent":"*"}
[2020-08-01 11:41:29.748] [exthost] [info] ExtensionService#loadCommonJSModule file:///home/guilherme/.vscode-server/bin/91899dcef7b8110878ea59626991a18c8a6a1b3e/extensions/debug-auto-launch/dist/extension
[2020-08-01 11:41:29.752] [exthost] [info] ExtensionService#_doActivateExtension vscode.emmet {"startup":true,"extensionId":{"value":"vscode.emmet","_lower":"vscode.emmet"},"activationEvent":"*"}
[2020-08-01 11:41:29.752] [exthost] [info] ExtensionService#loadCommonJSModule file:///home/guilherme/.vscode-server/bin/91899dcef7b8110878ea59626991a18c8a6a1b3e/extensions/emmet/dist/extension
[2020-08-01 11:41:29.777] [exthost] [info] ExtensionService#_doActivateExtension vscode.git {"startup":true,"extensionId":{"value":"vscode.github","_lower":"vscode.github"},"activationEvent":"*"}
[2020-08-01 11:41:29.777] [exthost] [info] ExtensionService#loadCommonJSModule file:///home/guilherme/.vscode-server/bin/91899dcef7b8110878ea59626991a18c8a6a1b3e/extensions/git/dist/main
[2020-08-01 11:41:29.821] [exthost] [info] ExtensionService#_doActivateExtension vscode.github-authentication {"startup":true,"extensionId":{"value":"vscode.github-authentication","_lower":"vscode.github-authentication"},"activationEvent":"*"}
[2020-08-01 11:41:29.821] [exthost] [info] ExtensionService#loadCommonJSModule file:///home/guilherme/.vscode-server/bin/91899dcef7b8110878ea59626991a18c8a6a1b3e/extensions/github-authentication/dist/extension.js
[2020-08-01 11:41:30.474] [exthost] [info] ExtensionService#_doActivateExtension vscode.merge-conflict {"startup":true,"extensionId":{"value":"vscode.merge-conflict","_lower":"vscode.merge-conflict"},"activationEvent":"*"}
[2020-08-01 11:41:30.474] [exthost] [info] ExtensionService#loadCommonJSModule file:///home/guilherme/.vscode-server/bin/91899dcef7b8110878ea59626991a18c8a6a1b3e/extensions/merge-conflict/dist/mergeConflictMain
[2020-08-01 11:41:30.479] [exthost] [info] ExtensionService#_doActivateExtension vscode.microsoft-authentication {"startup":true,"extensionId":{"value":"vscode.microsoft-authentication","_lower":"vscode.microsoft-authentication"},"activationEvent":"*"}
[2020-08-01 11:41:30.479] [exthost] [info] ExtensionService#loadCommonJSModule file:///home/guilherme/.vscode-server/bin/91899dcef7b8110878ea59626991a18c8a6a1b3e/extensions/microsoft-authentication/dist/extension.js
[2020-08-01 11:41:30.492] [exthost] [info] ExtensionService#_doActivateExtension vscode.search-result {"startup":true,"extensionId":{"value":"vscode.search-result","_lower":"vscode.search-result"},"activationEvent":"*"}
[2020-08-01 11:41:30.492] [exthost] [info] ExtensionService#loadCommonJSModule file:///home/guilherme/.vscode-server/bin/91899dcef7b8110878ea59626991a18c8a6a1b3e/extensions/search-result/dist/extension.js
[2020-08-01 11:41:30.493] [exthost] [info] ExtensionService#_doActivateExtension eamodio.gitlens {"startup":true,"extensionId":{"value":"eamodio.gitlens","_lower":"eamodio.gitlens"},"activationEvent":"*"}
[2020-08-01 11:41:30.493] [exthost] [info] ExtensionService#loadCommonJSModule file:///home/guilherme/.vscode-server/extensions/eamodio.gitlens-10.2.2/dist/extension
[2020-08-01 11:41:30.578] [exthost] [info] ExtensionService#_doActivateExtension esbenp.prettier-vscode {"startup":true,"extensionId":{"value":"esbenp.prettier-vscode","_lower":"esbenp.prettier-vscode"},"activationEvent":"*"}
[2020-08-01 11:41:30.579] [exthost] [info] ExtensionService#loadCommonJSModule file:///home/guilherme/.vscode-server/extensions/esbenp.prettier-vscode-5.1.3/dist/extension
[2020-08-01 11:41:30.672] [exthost] [info] ExtensionService#_doActivateExtension Gruntfuggly.todo-tree {"startup":true,"extensionId":{"value":"Gruntfuggly.todo-tree","_lower":"gruntfuggly.todo-tree"},"activationEvent":"*"}
[2020-08-01 11:41:30.672] [exthost] [info] ExtensionService#loadCommonJSModule file:///home/guilherme/.vscode-server/extensions/gruntfuggly.todo-tree-0.0.178/extension
[2020-08-01 11:41:30.728] [exthost] [info] ExtensionService#_doActivateExtension ms-vsliveshare.vsliveshare {"startup":true,"extensionId":{"value":"ms-vsliveshare.vsliveshare","_lower":"ms-vsliveshare.vsliveshare"},"activationEvent":"*"}
[2020-08-01 11:41:30.728] [exthost] [info] ExtensionService#loadCommonJSModule file:///home/guilherme/.vscode-server/extensions/ms-vsliveshare.vsliveshare-1.0.2478/out/prod/extension-prod
[2020-08-01 11:41:31.064] [exthost] [info] Extension 'austin.code-gnu-global' uses a document selector without scheme. Learn more about this: https://go.microsoft.com/fwlink/?linkid=872305
[2020-08-01 11:41:31.264] [exthost] [warning] [Deprecation Warning] 'workspace.rootPath' is deprecated. Please use 'workspace.workspaceFolders' instead. More details: https://aka.ms/vscode-eliminating-rootpath
[2020-08-01 11:41:32.035] [exthost] [info] Extension 'eamodio.gitlens' uses a document selector without scheme. Learn more about this: https://go.microsoft.com/fwlink/?linkid=872305
[2020-08-01 11:41:33.222] [exthost] [info] ExtensionService#_doActivateExtension vscode.configuration-editing {"startup":false,"extensionId":{"value":"vscode.configuration-editing","_lower":"vscode.configuration-editing"},"activationEvent":"onLanguage:json"}
[2020-08-01 11:41:33.222] [exthost] [info] ExtensionService#loadCommonJSModule file:///home/guilherme/.vscode-server/bin/91899dcef7b8110878ea59626991a18c8a6a1b3e/extensions/configuration-editing/dist/configurationEditingMain
[2020-08-01 11:41:33.248] [exthost] [info] ExtensionService#_doActivateExtension vscode.extension-editing {"startup":false,"extensionId":{"value":"vscode.extension-editing","_lower":"vscode.extension-editing"},"activationEvent":"onLanguage:json"}
[2020-08-01 11:41:33.248] [exthost] [info] ExtensionService#loadCommonJSModule file:///home/guilherme/.vscode-server/bin/91899dcef7b8110878ea59626991a18c8a6a1b3e/extensions/extension-editing/dist/extension
[2020-08-01 11:41:33.269] [exthost] [info] ExtensionService#_doActivateExtension vscode.json-language-features {"startup":false,"extensionId":{"value":"vscode.json-language-features","_lower":"vscode.json-language-features"},"activationEvent":"onLanguage:json"}
[2020-08-01 11:41:33.269] [exthost] [info] ExtensionService#loadCommonJSModule file:///home/guilherme/.vscode-server/bin/91899dcef7b8110878ea59626991a18c8a6a1b3e/extensions/json-language-features/client/dist/node/jsonClientMain
[2020-08-01 11:41:33.321] [exthost] [info] ExtensionService#_doActivateExtension ms-vscode.js-debug {"startup":false,"extensionId":{"value":"ms-vscode.js-debug","_lower":"ms-vscode.js-debug"},"activationEvent":"onLanguage:json"}
[2020-08-01 11:41:33.321] [exthost] [info] ExtensionService#loadCommonJSModule file:///home/guilherme/.vscode-server/bin/91899dcef7b8110878ea59626991a18c8a6a1b3e/extensions/ms-vscode.js-debug/src/extension.js
[2020-08-01 11:41:33.710] [exthost] [info] ExtensionService#_doActivateExtension vscode.npm {"startup":false,"extensionId":{"value":"vscode.npm","_lower":"vscode.npm"},"activationEvent":"onLanguage:json"}
[2020-08-01 11:41:33.710] [exthost] [info] ExtensionService#loadCommonJSModule file:///home/guilherme/.vscode-server/bin/91899dcef7b8110878ea59626991a18c8a6a1b3e/extensions/npm/dist/npmMain
[2020-08-01 11:41:34.017] [exthost] [warning] [Deprecation Warning] 'window.registerTaskProvider' is deprecated. Use the corresponding function on the 'tasks' namespace instead
[2020-08-01 11:41:34.235] [exthost] [info] Extension 'ms-vsliveshare.vsliveshare' uses a document selector without scheme. Learn more about this: https://go.microsoft.com/fwlink/?linkid=872305
[2020-08-01 11:41:34.236] [exthost] [info] ExtensionService#_doActivateExtension vscode.github {"startup":true,"extensionId":{"value":"vscode.github","_lower":"vscode.github"},"activationEvent":"*"}
[2020-08-01 11:41:34.236] [exthost] [info] ExtensionService#loadCommonJSModule file:///home/guilherme/.vscode-server/bin/91899dcef7b8110878ea59626991a18c8a6a1b3e/extensions/github/dist/extension.js
[2020-08-01 11:41:34.301] [exthost] [info] eager extensions activated
[2020-08-01 11:41:35.229] [exthost] [error] [ms-vscode.cpptools] provider FAILED
[2020-08-01 11:41:35.229] [exthost] [error] undefined
[2020-08-01 11:41:37.124] [exthost] [error] [ms-vscode.cpptools] provider FAILED
[2020-08-01 11:41:37.124] [exthost] [error] undefined
