[2020-07-29 10:14:47.806] [exthost] [info] extension host started
[2020-07-29 10:14:47.900] [exthost] [info] ExtensionService#_doActivateExtension austin.code-gnu-global {"startup":false,"extensionId":{"value":"austin.code-gnu-global","_lower":"austin.code-gnu-global"},"activationEvent":"onLanguage:cpp"}
[2020-07-29 10:14:47.901] [exthost] [info] ExtensionService#loadCommonJSModule file:///home/guilherme/.vscode-server/extensions/austin.code-gnu-global-0.2.2/out/src/extension
[2020-07-29 10:14:47.942] [exthost] [info] ExtensionService#_doActivateExtension ms-vscode.cpptools {"startup":false,"extensionId":{"value":"ms-vscode.cpptools","_lower":"ms-vscode.cpptools"},"activationEvent":"onLanguage:cpp"}
[2020-07-29 10:14:47.943] [exthost] [info] ExtensionService#loadCommonJSModule file:///home/guilherme/.vscode-server/extensions/ms-vscode.cpptools-0.29.0/dist/main
[2020-07-29 10:14:48.045] [exthost] [info] ExtensionService#_doActivateExtension vscode.debug-auto-launch {"startup":true,"extensionId":{"value":"vscode.debug-auto-launch","_lower":"vscode.debug-auto-launch"},"activationEvent":"*"}
[2020-07-29 10:14:48.045] [exthost] [info] ExtensionService#loadCommonJSModule file:///home/guilherme/.vscode-server/bin/91899dcef7b8110878ea59626991a18c8a6a1b3e/extensions/debug-auto-launch/dist/extension
[2020-07-29 10:14:48.050] [exthost] [info] ExtensionService#_doActivateExtension vscode.emmet {"startup":true,"extensionId":{"value":"vscode.emmet","_lower":"vscode.emmet"},"activationEvent":"*"}
[2020-07-29 10:14:48.050] [exthost] [info] ExtensionService#loadCommonJSModule file:///home/guilherme/.vscode-server/bin/91899dcef7b8110878ea59626991a18c8a6a1b3e/extensions/emmet/dist/extension
[2020-07-29 10:14:48.075] [exthost] [info] ExtensionService#_doActivateExtension vscode.git {"startup":true,"extensionId":{"value":"vscode.github","_lower":"vscode.github"},"activationEvent":"*"}
[2020-07-29 10:14:48.075] [exthost] [info] ExtensionService#loadCommonJSModule file:///home/guilherme/.vscode-server/bin/91899dcef7b8110878ea59626991a18c8a6a1b3e/extensions/git/dist/main
[2020-07-29 10:14:48.120] [exthost] [info] ExtensionService#_doActivateExtension vscode.github-authentication {"startup":true,"extensionId":{"value":"vscode.github-authentication","_lower":"vscode.github-authentication"},"activationEvent":"*"}
[2020-07-29 10:14:48.120] [exthost] [info] ExtensionService#loadCommonJSModule file:///home/guilherme/.vscode-server/bin/91899dcef7b8110878ea59626991a18c8a6a1b3e/extensions/github-authentication/dist/extension.js
[2020-07-29 10:14:48.748] [exthost] [info] ExtensionService#_doActivateExtension vscode.merge-conflict {"startup":true,"extensionId":{"value":"vscode.merge-conflict","_lower":"vscode.merge-conflict"},"activationEvent":"*"}
[2020-07-29 10:14:48.748] [exthost] [info] ExtensionService#loadCommonJSModule file:///home/guilherme/.vscode-server/bin/91899dcef7b8110878ea59626991a18c8a6a1b3e/extensions/merge-conflict/dist/mergeConflictMain
[2020-07-29 10:14:48.757] [exthost] [info] ExtensionService#_doActivateExtension vscode.microsoft-authentication {"startup":true,"extensionId":{"value":"vscode.microsoft-authentication","_lower":"vscode.microsoft-authentication"},"activationEvent":"*"}
[2020-07-29 10:14:48.757] [exthost] [info] ExtensionService#loadCommonJSModule file:///home/guilherme/.vscode-server/bin/91899dcef7b8110878ea59626991a18c8a6a1b3e/extensions/microsoft-authentication/dist/extension.js
[2020-07-29 10:14:48.775] [exthost] [info] ExtensionService#_doActivateExtension vscode.search-result {"startup":true,"extensionId":{"value":"vscode.search-result","_lower":"vscode.search-result"},"activationEvent":"*"}
[2020-07-29 10:14:48.775] [exthost] [info] ExtensionService#loadCommonJSModule file:///home/guilherme/.vscode-server/bin/91899dcef7b8110878ea59626991a18c8a6a1b3e/extensions/search-result/dist/extension.js
[2020-07-29 10:14:48.777] [exthost] [info] ExtensionService#_doActivateExtension eamodio.gitlens {"startup":true,"extensionId":{"value":"eamodio.gitlens","_lower":"eamodio.gitlens"},"activationEvent":"*"}
[2020-07-29 10:14:48.777] [exthost] [info] ExtensionService#loadCommonJSModule file:///home/guilherme/.vscode-server/extensions/eamodio.gitlens-10.2.2/dist/extension
[2020-07-29 10:14:48.874] [exthost] [info] ExtensionService#_doActivateExtension esbenp.prettier-vscode {"startup":true,"extensionId":{"value":"esbenp.prettier-vscode","_lower":"esbenp.prettier-vscode"},"activationEvent":"*"}
[2020-07-29 10:14:48.874] [exthost] [info] ExtensionService#loadCommonJSModule file:///home/guilherme/.vscode-server/extensions/esbenp.prettier-vscode-5.1.3/dist/extension
[2020-07-29 10:14:48.984] [exthost] [info] ExtensionService#_doActivateExtension Gruntfuggly.todo-tree {"startup":true,"extensionId":{"value":"Gruntfuggly.todo-tree","_lower":"gruntfuggly.todo-tree"},"activationEvent":"*"}
[2020-07-29 10:14:48.984] [exthost] [info] ExtensionService#loadCommonJSModule file:///home/guilherme/.vscode-server/extensions/gruntfuggly.todo-tree-0.0.178/extension
[2020-07-29 10:14:49.068] [exthost] [info] ExtensionService#_doActivateExtension ms-vsliveshare.vsliveshare {"startup":true,"extensionId":{"value":"ms-vsliveshare.vsliveshare","_lower":"ms-vsliveshare.vsliveshare"},"activationEvent":"*"}
[2020-07-29 10:14:49.068] [exthost] [info] ExtensionService#loadCommonJSModule file:///home/guilherme/.vscode-server/extensions/ms-vsliveshare.vsliveshare-1.0.2478/out/prod/extension-prod
[2020-07-29 10:14:49.588] [exthost] [info] ExtensionService#_doActivateExtension vscode.configuration-editing {"startup":false,"extensionId":{"value":"vscode.configuration-editing","_lower":"vscode.configuration-editing"},"activationEvent":"onLanguage:json"}
[2020-07-29 10:14:49.588] [exthost] [info] ExtensionService#loadCommonJSModule file:///home/guilherme/.vscode-server/bin/91899dcef7b8110878ea59626991a18c8a6a1b3e/extensions/configuration-editing/dist/configurationEditingMain
[2020-07-29 10:14:49.607] [exthost] [info] ExtensionService#_doActivateExtension vscode.extension-editing {"startup":false,"extensionId":{"value":"vscode.extension-editing","_lower":"vscode.extension-editing"},"activationEvent":"onLanguage:json"}
[2020-07-29 10:14:49.607] [exthost] [info] ExtensionService#loadCommonJSModule file:///home/guilherme/.vscode-server/bin/91899dcef7b8110878ea59626991a18c8a6a1b3e/extensions/extension-editing/dist/extension
[2020-07-29 10:14:49.618] [exthost] [info] ExtensionService#_doActivateExtension vscode.json-language-features {"startup":false,"extensionId":{"value":"vscode.json-language-features","_lower":"vscode.json-language-features"},"activationEvent":"onLanguage:json"}
[2020-07-29 10:14:49.618] [exthost] [info] ExtensionService#loadCommonJSModule file:///home/guilherme/.vscode-server/bin/91899dcef7b8110878ea59626991a18c8a6a1b3e/extensions/json-language-features/client/dist/node/jsonClientMain
[2020-07-29 10:14:49.652] [exthost] [info] ExtensionService#_doActivateExtension ms-vscode.js-debug {"startup":false,"extensionId":{"value":"ms-vscode.js-debug","_lower":"ms-vscode.js-debug"},"activationEvent":"onLanguage:json"}
[2020-07-29 10:14:49.653] [exthost] [info] ExtensionService#loadCommonJSModule file:///home/guilherme/.vscode-server/bin/91899dcef7b8110878ea59626991a18c8a6a1b3e/extensions/ms-vscode.js-debug/src/extension.js
[2020-07-29 10:14:49.967] [exthost] [info] ExtensionService#_doActivateExtension vscode.npm {"startup":false,"extensionId":{"value":"vscode.npm","_lower":"vscode.npm"},"activationEvent":"onLanguage:json"}
[2020-07-29 10:14:49.967] [exthost] [info] ExtensionService#loadCommonJSModule file:///home/guilherme/.vscode-server/bin/91899dcef7b8110878ea59626991a18c8a6a1b3e/extensions/npm/dist/npmMain
[2020-07-29 10:14:49.979] [exthost] [info] ExtensionService#_doActivateExtension vscode.typescript-language-features {"startup":false,"extensionId":{"value":"vscode.typescript-language-features","_lower":"vscode.typescript-language-features"},"activationEvent":"onLanguage:typescript"}
[2020-07-29 10:14:49.979] [exthost] [info] ExtensionService#loadCommonJSModule file:///home/guilherme/.vscode-server/bin/91899dcef7b8110878ea59626991a18c8a6a1b3e/extensions/typescript-language-features/dist/extension
[2020-07-29 10:14:50.019] [exthost] [info] Extension 'austin.code-gnu-global' uses a document selector without scheme. Learn more about this: https://go.microsoft.com/fwlink/?linkid=872305
[2020-07-29 10:14:51.558] [exthost] [warning] [Deprecation Warning] 'workspace.rootPath' is deprecated. Please use 'workspace.workspaceFolders' instead. More details: https://aka.ms/vscode-eliminating-rootpath
[2020-07-29 10:14:51.652] [exthost] [warning] [Deprecation Warning] 'window.registerTaskProvider' is deprecated. Use the corresponding function on the 'tasks' namespace instead
[2020-07-29 10:14:52.441] [exthost] [info] Extension 'eamodio.gitlens' uses a document selector without scheme. Learn more about this: https://go.microsoft.com/fwlink/?linkid=872305
[2020-07-29 10:14:55.328] [exthost] [info] Extension 'ms-vsliveshare.vsliveshare' uses a document selector without scheme. Learn more about this: https://go.microsoft.com/fwlink/?linkid=872305
[2020-07-29 10:14:55.329] [exthost] [info] ExtensionService#_doActivateExtension vscode.github {"startup":true,"extensionId":{"value":"vscode.github","_lower":"vscode.github"},"activationEvent":"*"}
[2020-07-29 10:14:55.329] [exthost] [info] ExtensionService#loadCommonJSModule file:///home/guilherme/.vscode-server/bin/91899dcef7b8110878ea59626991a18c8a6a1b3e/extensions/github/dist/extension.js
[2020-07-29 10:14:55.473] [exthost] [info] eager extensions activated
[2020-07-29 10:15:12.898] [exthost] [error] [ms-vscode.cpptools] provider FAILED
[2020-07-29 10:15:12.898] [exthost] [error] undefined
[2020-07-29 10:15:13.294] [exthost] [error] [ms-vscode.cpptools] provider FAILED
[2020-07-29 10:15:13.294] [exthost] [error] undefined
[2020-07-29 10:15:17.777] [exthost] [error] [ms-vscode.cpptools] provider FAILED
[2020-07-29 10:15:17.777] [exthost] [error] undefined
[2020-07-29 10:15:20.130] [exthost] [error] [ms-vscode.cpptools] provider FAILED
[2020-07-29 10:15:20.130] [exthost] [error] undefined
[2020-07-29 10:16:19.011] [exthost] [error] [ms-vscode.cpptools] provider FAILED
[2020-07-29 10:16:19.011] [exthost] [error] undefined
[2020-07-29 10:22:42.973] [exthost] [error] [ms-vscode.cpptools] provider FAILED
[2020-07-29 10:22:42.973] [exthost] [error] undefined
[2020-07-29 10:22:51.187] [exthost] [error] [ms-vscode.cpptools] provider FAILED
[2020-07-29 10:22:51.187] [exthost] [error] undefined
[2020-07-29 10:23:25.349] [exthost] [error] [ms-vscode.cpptools] provider FAILED
[2020-07-29 10:23:25.349] [exthost] [error] undefined
[2020-07-29 10:23:48.162] [exthost] [error] [ms-vscode.cpptools] provider FAILED
[2020-07-29 10:23:48.162] [exthost] [error] undefined
[2020-07-29 10:26:29.811] [exthost] [error] [ms-vscode.cpptools] provider FAILED
[2020-07-29 10:26:29.811] [exthost] [error] undefined
[2020-07-29 10:26:57.410] [exthost] [error] [ms-vscode.cpptools] provider FAILED
[2020-07-29 10:26:57.410] [exthost] [error] undefined
[2020-07-29 10:27:04.261] [exthost] [error] [ms-vscode.cpptools] provider FAILED
[2020-07-29 10:27:04.261] [exthost] [error] undefined
[2020-07-29 10:27:20.445] [exthost] [error] [ms-vscode.cpptools] provider FAILED
[2020-07-29 10:27:20.445] [exthost] [error] undefined
[2020-07-29 10:27:25.608] [exthost] [error] [ms-vscode.cpptools] provider FAILED
[2020-07-29 10:27:25.608] [exthost] [error] undefined
[2020-07-29 10:33:04.830] [exthost] [error] [ms-vscode.cpptools] provider FAILED
[2020-07-29 10:33:04.830] [exthost] [error] undefined
[2020-07-29 10:35:30.068] [exthost] [error] [ms-vscode.cpptools] provider FAILED
[2020-07-29 10:35:30.068] [exthost] [error] undefined
[2020-07-29 10:36:16.794] [exthost] [error] [ms-vscode.cpptools] provider FAILED
[2020-07-29 10:36:16.794] [exthost] [error] undefined
[2020-07-29 10:37:35.349] [exthost] [error] [ms-vscode.cpptools] provider FAILED
[2020-07-29 10:37:35.349] [exthost] [error] undefined
[2020-07-29 10:37:50.752] [exthost] [error] [ms-vscode.cpptools] provider FAILED
[2020-07-29 10:37:50.752] [exthost] [error] undefined
[2020-07-29 10:42:51.917] [exthost] [error] [ms-vscode.cpptools] provider FAILED
[2020-07-29 10:42:51.917] [exthost] [error] undefined
[2020-07-29 10:46:18.352] [exthost] [error] [ms-vscode.cpptools] provider FAILED
[2020-07-29 10:46:18.352] [exthost] [error] undefined
[2020-07-29 10:46:43.919] [exthost] [error] [ms-vscode.cpptools] provider FAILED
[2020-07-29 10:46:43.919] [exthost] [error] undefined
[2020-07-29 10:47:00.849] [exthost] [error] [ms-vscode.cpptools] provider FAILED
[2020-07-29 10:47:00.849] [exthost] [error] undefined
[2020-07-29 10:53:35.704] [exthost] [error] [ms-vscode.cpptools] provider FAILED
[2020-07-29 10:53:35.704] [exthost] [error] undefined
[2020-07-29 11:00:37.574] [exthost] [error] [ms-vscode.cpptools] provider FAILED
[2020-07-29 11:00:37.574] [exthost] [error] undefined
[2020-07-29 11:01:14.334] [exthost] [error] [ms-vscode.cpptools] provider FAILED
[2020-07-29 11:01:14.334] [exthost] [error] undefined
[2020-07-29 11:04:45.327] [exthost] [error] [ms-vscode.cpptools] provider FAILED
[2020-07-29 11:04:45.327] [exthost] [error] undefined
[2020-07-29 11:04:49.496] [exthost] [error] [ms-vscode.cpptools] provider FAILED
[2020-07-29 11:04:49.496] [exthost] [error] undefined
[2020-07-29 11:04:53.820] [exthost] [error] [ms-vscode.cpptools] provider FAILED
[2020-07-29 11:04:53.821] [exthost] [error] undefined
[2020-07-29 11:06:32.619] [exthost] [error] [ms-vscode.cpptools] provider FAILED
[2020-07-29 11:06:32.619] [exthost] [error] undefined
[2020-07-29 11:06:43.121] [exthost] [error] [ms-vscode.cpptools] provider FAILED
[2020-07-29 11:06:43.121] [exthost] [error] undefined
[2020-07-29 11:06:51.629] [exthost] [error] [ms-vscode.cpptools] provider FAILED
[2020-07-29 11:06:51.629] [exthost] [error] undefined
[2020-07-29 11:08:49.242] [exthost] [error] [ms-vscode.cpptools] provider FAILED
[2020-07-29 11:08:49.242] [exthost] [error] undefined
[2020-07-29 11:09:08.464] [exthost] [error] [ms-vscode.cpptools] provider FAILED
[2020-07-29 11:09:08.464] [exthost] [error] undefined
[2020-07-29 11:12:35.139] [exthost] [error] [ms-vscode.cpptools] provider FAILED
[2020-07-29 11:12:35.139] [exthost] [error] undefined
[2020-07-29 11:12:37.312] [exthost] [error] [ms-vscode.cpptools] provider FAILED
[2020-07-29 11:12:37.312] [exthost] [error] undefined
[2020-07-29 11:12:43.553] [exthost] [error] [ms-vscode.cpptools] provider FAILED
[2020-07-29 11:12:43.553] [exthost] [error] undefined
[2020-07-29 11:16:27.379] [exthost] [error] [ms-vscode.cpptools] provider FAILED
[2020-07-29 11:16:27.379] [exthost] [error] undefined
[2020-07-29 11:17:47.509] [exthost] [error] [ms-vscode.cpptools] provider FAILED
[2020-07-29 11:17:47.509] [exthost] [error] undefined
[2020-07-29 11:17:51.790] [exthost] [error] [ms-vscode.cpptools] provider FAILED
[2020-07-29 11:17:51.790] [exthost] [error] undefined
[2020-07-29 11:17:57.771] [exthost] [error] [ms-vscode.cpptools] provider FAILED
[2020-07-29 11:17:57.771] [exthost] [error] undefined
[2020-07-29 11:21:18.255] [exthost] [error] [ms-vscode.cpptools] provider FAILED
[2020-07-29 11:21:18.255] [exthost] [error] undefined
[2020-07-29 11:21:22.517] [exthost] [error] [ms-vscode.cpptools] provider FAILED
[2020-07-29 11:21:22.517] [exthost] [error] undefined
