[2020-07-31 09:17:45.965] [exthost] [info] extension host started
[2020-07-31 09:17:46.044] [exthost] [info] ExtensionService#_doActivateExtension austin.code-gnu-global {"startup":false,"extensionId":{"value":"austin.code-gnu-global","_lower":"austin.code-gnu-global"},"activationEvent":"onLanguage:cpp"}
[2020-07-31 09:17:46.045] [exthost] [info] ExtensionService#loadCommonJSModule file:///home/guilherme/.vscode-server/extensions/austin.code-gnu-global-0.2.2/out/src/extension
[2020-07-31 09:17:46.072] [exthost] [info] ExtensionService#_doActivateExtension ms-vscode.cpptools {"startup":false,"extensionId":{"value":"ms-vscode.cpptools","_lower":"ms-vscode.cpptools"},"activationEvent":"onLanguage:cpp"}
[2020-07-31 09:17:46.072] [exthost] [info] ExtensionService#loadCommonJSModule file:///home/guilherme/.vscode-server/extensions/ms-vscode.cpptools-0.29.0/dist/main
[2020-07-31 09:17:46.152] [exthost] [info] ExtensionService#_doActivateExtension vscode.debug-auto-launch {"startup":true,"extensionId":{"value":"vscode.debug-auto-launch","_lower":"vscode.debug-auto-launch"},"activationEvent":"*"}
[2020-07-31 09:17:46.153] [exthost] [info] ExtensionService#loadCommonJSModule file:///home/guilherme/.vscode-server/bin/91899dcef7b8110878ea59626991a18c8a6a1b3e/extensions/debug-auto-launch/dist/extension
[2020-07-31 09:17:46.156] [exthost] [info] ExtensionService#_doActivateExtension vscode.emmet {"startup":true,"extensionId":{"value":"vscode.emmet","_lower":"vscode.emmet"},"activationEvent":"*"}
[2020-07-31 09:17:46.156] [exthost] [info] ExtensionService#loadCommonJSModule file:///home/guilherme/.vscode-server/bin/91899dcef7b8110878ea59626991a18c8a6a1b3e/extensions/emmet/dist/extension
[2020-07-31 09:17:46.183] [exthost] [info] ExtensionService#_doActivateExtension vscode.git {"startup":true,"extensionId":{"value":"vscode.github","_lower":"vscode.github"},"activationEvent":"*"}
[2020-07-31 09:17:46.183] [exthost] [info] ExtensionService#loadCommonJSModule file:///home/guilherme/.vscode-server/bin/91899dcef7b8110878ea59626991a18c8a6a1b3e/extensions/git/dist/main
[2020-07-31 09:17:46.237] [exthost] [info] ExtensionService#_doActivateExtension vscode.github-authentication {"startup":true,"extensionId":{"value":"vscode.github-authentication","_lower":"vscode.github-authentication"},"activationEvent":"*"}
[2020-07-31 09:17:46.237] [exthost] [info] ExtensionService#loadCommonJSModule file:///home/guilherme/.vscode-server/bin/91899dcef7b8110878ea59626991a18c8a6a1b3e/extensions/github-authentication/dist/extension.js
[2020-07-31 09:17:46.758] [exthost] [info] ExtensionService#_doActivateExtension vscode.merge-conflict {"startup":true,"extensionId":{"value":"vscode.merge-conflict","_lower":"vscode.merge-conflict"},"activationEvent":"*"}
[2020-07-31 09:17:46.758] [exthost] [info] ExtensionService#loadCommonJSModule file:///home/guilherme/.vscode-server/bin/91899dcef7b8110878ea59626991a18c8a6a1b3e/extensions/merge-conflict/dist/mergeConflictMain
[2020-07-31 09:17:46.762] [exthost] [info] ExtensionService#_doActivateExtension vscode.microsoft-authentication {"startup":true,"extensionId":{"value":"vscode.microsoft-authentication","_lower":"vscode.microsoft-authentication"},"activationEvent":"*"}
[2020-07-31 09:17:46.762] [exthost] [info] ExtensionService#loadCommonJSModule file:///home/guilherme/.vscode-server/bin/91899dcef7b8110878ea59626991a18c8a6a1b3e/extensions/microsoft-authentication/dist/extension.js
[2020-07-31 09:17:46.774] [exthost] [info] ExtensionService#_doActivateExtension vscode.search-result {"startup":true,"extensionId":{"value":"vscode.search-result","_lower":"vscode.search-result"},"activationEvent":"*"}
[2020-07-31 09:17:46.774] [exthost] [info] ExtensionService#loadCommonJSModule file:///home/guilherme/.vscode-server/bin/91899dcef7b8110878ea59626991a18c8a6a1b3e/extensions/search-result/dist/extension.js
[2020-07-31 09:17:46.776] [exthost] [info] ExtensionService#_doActivateExtension eamodio.gitlens {"startup":true,"extensionId":{"value":"eamodio.gitlens","_lower":"eamodio.gitlens"},"activationEvent":"*"}
[2020-07-31 09:17:46.776] [exthost] [info] ExtensionService#loadCommonJSModule file:///home/guilherme/.vscode-server/extensions/eamodio.gitlens-10.2.2/dist/extension
[2020-07-31 09:17:46.864] [exthost] [info] ExtensionService#_doActivateExtension esbenp.prettier-vscode {"startup":true,"extensionId":{"value":"esbenp.prettier-vscode","_lower":"esbenp.prettier-vscode"},"activationEvent":"*"}
[2020-07-31 09:17:46.864] [exthost] [info] ExtensionService#loadCommonJSModule file:///home/guilherme/.vscode-server/extensions/esbenp.prettier-vscode-5.1.3/dist/extension
[2020-07-31 09:17:46.958] [exthost] [info] ExtensionService#_doActivateExtension Gruntfuggly.todo-tree {"startup":true,"extensionId":{"value":"Gruntfuggly.todo-tree","_lower":"gruntfuggly.todo-tree"},"activationEvent":"*"}
[2020-07-31 09:17:46.958] [exthost] [info] ExtensionService#loadCommonJSModule file:///home/guilherme/.vscode-server/extensions/gruntfuggly.todo-tree-0.0.178/extension
[2020-07-31 09:17:47.008] [exthost] [info] ExtensionService#_doActivateExtension ms-vsliveshare.vsliveshare {"startup":true,"extensionId":{"value":"ms-vsliveshare.vsliveshare","_lower":"ms-vsliveshare.vsliveshare"},"activationEvent":"*"}
[2020-07-31 09:17:47.008] [exthost] [info] ExtensionService#loadCommonJSModule file:///home/guilherme/.vscode-server/extensions/ms-vsliveshare.vsliveshare-1.0.2478/out/prod/extension-prod
[2020-07-31 09:17:47.338] [exthost] [info] Extension 'austin.code-gnu-global' uses a document selector without scheme. Learn more about this: https://go.microsoft.com/fwlink/?linkid=872305
[2020-07-31 09:17:47.685] [exthost] [warning] [Deprecation Warning] 'workspace.rootPath' is deprecated. Please use 'workspace.workspaceFolders' instead. More details: https://aka.ms/vscode-eliminating-rootpath
[2020-07-31 09:17:48.264] [exthost] [info] Extension 'eamodio.gitlens' uses a document selector without scheme. Learn more about this: https://go.microsoft.com/fwlink/?linkid=872305
[2020-07-31 09:17:49.325] [exthost] [info] ExtensionService#_doActivateExtension vscode.configuration-editing {"startup":false,"extensionId":{"value":"vscode.configuration-editing","_lower":"vscode.configuration-editing"},"activationEvent":"onLanguage:json"}
[2020-07-31 09:17:49.325] [exthost] [info] ExtensionService#loadCommonJSModule file:///home/guilherme/.vscode-server/bin/91899dcef7b8110878ea59626991a18c8a6a1b3e/extensions/configuration-editing/dist/configurationEditingMain
[2020-07-31 09:17:49.345] [exthost] [info] ExtensionService#_doActivateExtension vscode.extension-editing {"startup":false,"extensionId":{"value":"vscode.extension-editing","_lower":"vscode.extension-editing"},"activationEvent":"onLanguage:json"}
[2020-07-31 09:17:49.346] [exthost] [info] ExtensionService#loadCommonJSModule file:///home/guilherme/.vscode-server/bin/91899dcef7b8110878ea59626991a18c8a6a1b3e/extensions/extension-editing/dist/extension
[2020-07-31 09:17:49.373] [exthost] [info] ExtensionService#_doActivateExtension vscode.json-language-features {"startup":false,"extensionId":{"value":"vscode.json-language-features","_lower":"vscode.json-language-features"},"activationEvent":"onLanguage:json"}
[2020-07-31 09:17:49.373] [exthost] [info] ExtensionService#loadCommonJSModule file:///home/guilherme/.vscode-server/bin/91899dcef7b8110878ea59626991a18c8a6a1b3e/extensions/json-language-features/client/dist/node/jsonClientMain
[2020-07-31 09:17:49.441] [exthost] [info] ExtensionService#_doActivateExtension ms-vscode.js-debug {"startup":false,"extensionId":{"value":"ms-vscode.js-debug","_lower":"ms-vscode.js-debug"},"activationEvent":"onLanguage:json"}
[2020-07-31 09:17:49.441] [exthost] [info] ExtensionService#loadCommonJSModule file:///home/guilherme/.vscode-server/bin/91899dcef7b8110878ea59626991a18c8a6a1b3e/extensions/ms-vscode.js-debug/src/extension.js
[2020-07-31 09:17:49.753] [exthost] [info] ExtensionService#_doActivateExtension vscode.npm {"startup":false,"extensionId":{"value":"vscode.npm","_lower":"vscode.npm"},"activationEvent":"onLanguage:json"}
[2020-07-31 09:17:49.753] [exthost] [info] ExtensionService#loadCommonJSModule file:///home/guilherme/.vscode-server/bin/91899dcef7b8110878ea59626991a18c8a6a1b3e/extensions/npm/dist/npmMain
[2020-07-31 09:17:50.649] [exthost] [warning] [Deprecation Warning] 'window.registerTaskProvider' is deprecated. Use the corresponding function on the 'tasks' namespace instead
[2020-07-31 09:17:50.829] [exthost] [info] Extension 'ms-vsliveshare.vsliveshare' uses a document selector without scheme. Learn more about this: https://go.microsoft.com/fwlink/?linkid=872305
[2020-07-31 09:17:50.829] [exthost] [info] ExtensionService#_doActivateExtension vscode.github {"startup":true,"extensionId":{"value":"vscode.github","_lower":"vscode.github"},"activationEvent":"*"}
[2020-07-31 09:17:50.829] [exthost] [info] ExtensionService#loadCommonJSModule file:///home/guilherme/.vscode-server/bin/91899dcef7b8110878ea59626991a18c8a6a1b3e/extensions/github/dist/extension.js
[2020-07-31 09:17:50.961] [exthost] [info] eager extensions activated
[2020-07-31 09:17:51.681] [exthost] [error] [ms-vscode.cpptools] provider FAILED
[2020-07-31 09:17:51.681] [exthost] [error] undefined
[2020-07-31 09:18:29.431] [exthost] [error] [ms-vscode.cpptools] provider FAILED
[2020-07-31 09:18:29.432] [exthost] [error] undefined
[2020-07-31 09:18:29.753] [exthost] [error] [ms-vscode.cpptools] provider FAILED
[2020-07-31 09:18:29.753] [exthost] [error] undefined
[2020-07-31 09:18:31.284] [exthost] [error] [ms-vscode.cpptools] provider FAILED
[2020-07-31 09:18:31.284] [exthost] [error] undefined
[2020-07-31 09:18:36.041] [exthost] [error] [ms-vscode.cpptools] provider FAILED
[2020-07-31 09:18:36.041] [exthost] [error] undefined
[2020-07-31 09:18:52.176] [exthost] [error] [ms-vscode.cpptools] provider FAILED
[2020-07-31 09:18:52.176] [exthost] [error] undefined
[2020-07-31 09:19:04.221] [exthost] [error] [ms-vscode.cpptools] provider FAILED
[2020-07-31 09:19:04.221] [exthost] [error] undefined
[2020-07-31 09:19:04.434] [exthost] [error] [ms-vscode.cpptools] provider FAILED
[2020-07-31 09:19:04.434] [exthost] [error] undefined
[2020-07-31 09:19:18.045] [exthost] [error] [ms-vscode.cpptools] provider FAILED
[2020-07-31 09:19:18.045] [exthost] [error] undefined
[2020-07-31 09:23:57.694] [exthost] [error] [ms-vscode.cpptools] provider FAILED
[2020-07-31 09:23:57.694] [exthost] [error] undefined
[2020-07-31 09:23:58.384] [exthost] [error] [ms-vscode.cpptools] provider FAILED
[2020-07-31 09:23:58.384] [exthost] [error] undefined
[2020-07-31 09:34:03.381] [exthost] [warning] ms-vscode.cpptools - Code actions of kind 'quickfix 'requested but returned code action does not have a 'kind'. Code action will be dropped. Please set 'CodeAction.kind'.
[2020-07-31 09:34:04.699] [exthost] [warning] ms-vscode.cpptools - Code actions of kind 'quickfix 'requested but returned code action does not have a 'kind'. Code action will be dropped. Please set 'CodeAction.kind'.
[2020-07-31 09:34:05.362] [exthost] [error] [ms-vscode.cpptools] provider FAILED
[2020-07-31 09:34:05.362] [exthost] [error] undefined
[2020-07-31 09:34:07.637] [exthost] [error] [ms-vscode.cpptools] provider FAILED
[2020-07-31 09:34:07.637] [exthost] [error] undefined
[2020-07-31 09:34:09.676] [exthost] [error] [ms-vscode.cpptools] provider FAILED
[2020-07-31 09:34:09.676] [exthost] [error] undefined
[2020-07-31 09:34:11.763] [exthost] [error] [ms-vscode.cpptools] provider FAILED
[2020-07-31 09:34:11.763] [exthost] [error] undefined
[2020-07-31 09:34:34.990] [exthost] [error] [ms-vscode.cpptools] provider FAILED
[2020-07-31 09:34:34.990] [exthost] [error] undefined
[2020-07-31 09:34:45.832] [exthost] [warning] ms-vscode.cpptools - Code actions of kind 'quickfix 'requested but returned code action does not have a 'kind'. Code action will be dropped. Please set 'CodeAction.kind'.
[2020-07-31 09:34:46.309] [exthost] [error] [ms-vscode.cpptools] provider FAILED
[2020-07-31 09:34:46.309] [exthost] [error] undefined
[2020-07-31 09:34:54.444] [exthost] [error] [ms-vscode.cpptools] provider FAILED
[2020-07-31 09:34:54.444] [exthost] [error] undefined
[2020-07-31 09:34:56.910] [exthost] [error] [ms-vscode.cpptools] provider FAILED
[2020-07-31 09:34:56.910] [exthost] [error] undefined
[2020-07-31 09:35:03.437] [exthost] [error] [ms-vscode.cpptools] provider FAILED
[2020-07-31 09:35:03.437] [exthost] [error] undefined
[2020-07-31 09:35:05.200] [exthost] [error] [ms-vscode.cpptools] provider FAILED
[2020-07-31 09:35:05.200] [exthost] [error] undefined
[2020-07-31 09:35:16.204] [exthost] [error] [ms-vscode.cpptools] provider FAILED
[2020-07-31 09:35:16.204] [exthost] [error] undefined
[2020-07-31 09:35:18.133] [exthost] [error] [ms-vscode.cpptools] provider FAILED
[2020-07-31 09:35:18.133] [exthost] [error] undefined
[2020-07-31 09:35:20.608] [exthost] [error] [ms-vscode.cpptools] provider FAILED
[2020-07-31 09:35:20.608] [exthost] [error] undefined
[2020-07-31 09:35:20.756] [exthost] [warning] ms-vscode.cpptools - Code actions of kind 'quickfix 'requested but returned code action does not have a 'kind'. Code action will be dropped. Please set 'CodeAction.kind'.
[2020-07-31 09:35:23.381] [exthost] [error] [ms-vscode.cpptools] provider FAILED
[2020-07-31 09:35:23.381] [exthost] [error] undefined
[2020-07-31 09:35:25.955] [exthost] [error] [ms-vscode.cpptools] provider FAILED
[2020-07-31 09:35:25.955] [exthost] [error] undefined
[2020-07-31 09:35:31.052] [exthost] [error] [ms-vscode.cpptools] provider FAILED
[2020-07-31 09:35:31.052] [exthost] [error] undefined
[2020-07-31 09:35:33.080] [exthost] [error] [ms-vscode.cpptools] provider FAILED
[2020-07-31 09:35:33.080] [exthost] [error] undefined
[2020-07-31 09:35:35.119] [exthost] [error] [ms-vscode.cpptools] provider FAILED
[2020-07-31 09:35:35.119] [exthost] [error] undefined
[2020-07-31 09:35:40.165] [exthost] [error] [ms-vscode.cpptools] provider FAILED
[2020-07-31 09:35:40.165] [exthost] [error] undefined
[2020-07-31 09:35:41.798] [exthost] [warning] ms-vscode.cpptools - Code actions of kind 'quickfix 'requested but returned code action does not have a 'kind'. Code action will be dropped. Please set 'CodeAction.kind'.
[2020-07-31 09:35:41.804] [exthost] [warning] ms-vscode.cpptools - Code actions of kind 'quickfix 'requested but returned code action does not have a 'kind'. Code action will be dropped. Please set 'CodeAction.kind'.
[2020-07-31 09:35:42.517] [exthost] [error] [ms-vscode.cpptools] provider FAILED
[2020-07-31 09:35:42.517] [exthost] [error] undefined
[2020-07-31 09:35:42.585] [exthost] [warning] ms-vscode.cpptools - Code actions of kind 'quickfix 'requested but returned code action does not have a 'kind'. Code action will be dropped. Please set 'CodeAction.kind'.
[2020-07-31 09:35:43.023] [exthost] [warning] ms-vscode.cpptools - Code actions of kind 'quickfix 'requested but returned code action does not have a 'kind'. Code action will be dropped. Please set 'CodeAction.kind'.
[2020-07-31 09:35:44.774] [exthost] [error] [ms-vscode.cpptools] provider FAILED
[2020-07-31 09:35:44.774] [exthost] [error] undefined
[2020-07-31 09:35:48.276] [exthost] [warning] ms-vscode.cpptools - Code actions of kind 'quickfix 'requested but returned code action does not have a 'kind'. Code action will be dropped. Please set 'CodeAction.kind'.
[2020-07-31 09:35:50.007] [exthost] [warning] ms-vscode.cpptools - Code actions of kind 'quickfix 'requested but returned code action does not have a 'kind'. Code action will be dropped. Please set 'CodeAction.kind'.
[2020-07-31 09:35:53.760] [exthost] [error] [ms-vscode.cpptools] provider FAILED
[2020-07-31 09:35:53.760] [exthost] [error] undefined
[2020-07-31 09:35:54.460] [exthost] [warning] ms-vscode.cpptools - Code actions of kind 'quickfix 'requested but returned code action does not have a 'kind'. Code action will be dropped. Please set 'CodeAction.kind'.
[2020-07-31 09:35:54.460] [exthost] [warning] ms-vscode.cpptools - Code actions of kind 'quickfix 'requested but returned code action does not have a 'kind'. Code action will be dropped. Please set 'CodeAction.kind'.
[2020-07-31 09:35:56.481] [exthost] [warning] ms-vscode.cpptools - Code actions of kind 'quickfix 'requested but returned code action does not have a 'kind'. Code action will be dropped. Please set 'CodeAction.kind'.
[2020-07-31 09:35:57.869] [exthost] [error] [ms-vscode.cpptools] provider FAILED
[2020-07-31 09:35:57.869] [exthost] [error] undefined
[2020-07-31 09:36:41.755] [exthost] [error] [ms-vscode.cpptools] provider FAILED
[2020-07-31 09:36:41.755] [exthost] [error] undefined
[2020-07-31 09:36:46.209] [exthost] [error] [ms-vscode.cpptools] provider FAILED
[2020-07-31 09:36:46.209] [exthost] [error] undefined
[2020-07-31 09:36:48.229] [exthost] [error] [ms-vscode.cpptools] provider FAILED
[2020-07-31 09:36:48.229] [exthost] [error] undefined
[2020-07-31 09:36:50.702] [exthost] [error] [ms-vscode.cpptools] provider FAILED
[2020-07-31 09:36:50.702] [exthost] [error] undefined
[2020-07-31 09:36:53.248] [exthost] [error] [ms-vscode.cpptools] provider FAILED
[2020-07-31 09:36:53.248] [exthost] [error] undefined
[2020-07-31 09:36:55.261] [exthost] [error] [ms-vscode.cpptools] provider FAILED
[2020-07-31 09:36:55.261] [exthost] [error] undefined
[2020-07-31 09:36:57.432] [exthost] [error] [ms-vscode.cpptools] provider FAILED
[2020-07-31 09:36:57.432] [exthost] [error] undefined
[2020-07-31 09:37:00.174] [exthost] [error] [ms-vscode.cpptools] provider FAILED
[2020-07-31 09:37:00.174] [exthost] [error] undefined
[2020-07-31 09:37:02.742] [exthost] [error] [ms-vscode.cpptools] provider FAILED
[2020-07-31 09:37:02.742] [exthost] [error] undefined
[2020-07-31 09:37:02.874] [exthost] [warning] ms-vscode.cpptools - Code actions of kind 'quickfix 'requested but returned code action does not have a 'kind'. Code action will be dropped. Please set 'CodeAction.kind'.
[2020-07-31 09:37:02.874] [exthost] [warning] ms-vscode.cpptools - Code actions of kind 'quickfix 'requested but returned code action does not have a 'kind'. Code action will be dropped. Please set 'CodeAction.kind'.
[2020-07-31 09:37:05.136] [exthost] [error] [ms-vscode.cpptools] provider FAILED
[2020-07-31 09:37:05.136] [exthost] [error] undefined
[2020-07-31 09:37:09.142] [exthost] [error] [ms-vscode.cpptools] provider FAILED
[2020-07-31 09:37:09.142] [exthost] [error] undefined
[2020-07-31 09:37:21.081] [exthost] [error] [ms-vscode.cpptools] provider FAILED
[2020-07-31 09:37:21.081] [exthost] [error] undefined
[2020-07-31 09:37:31.576] [exthost] [warning] ms-vscode.cpptools - Code actions of kind 'quickfix 'requested but returned code action does not have a 'kind'. Code action will be dropped. Please set 'CodeAction.kind'.
[2020-07-31 09:37:31.577] [exthost] [warning] ms-vscode.cpptools - Code actions of kind 'quickfix 'requested but returned code action does not have a 'kind'. Code action will be dropped. Please set 'CodeAction.kind'.
[2020-07-31 09:37:35.166] [exthost] [warning] ms-vscode.cpptools - Code actions of kind 'quickfix 'requested but returned code action does not have a 'kind'. Code action will be dropped. Please set 'CodeAction.kind'.
[2020-07-31 09:37:35.166] [exthost] [warning] ms-vscode.cpptools - Code actions of kind 'quickfix 'requested but returned code action does not have a 'kind'. Code action will be dropped. Please set 'CodeAction.kind'.
[2020-07-31 09:37:35.792] [exthost] [warning] ms-vscode.cpptools - Code actions of kind 'quickfix 'requested but returned code action does not have a 'kind'. Code action will be dropped. Please set 'CodeAction.kind'.
[2020-07-31 09:37:35.792] [exthost] [warning] ms-vscode.cpptools - Code actions of kind 'quickfix 'requested but returned code action does not have a 'kind'. Code action will be dropped. Please set 'CodeAction.kind'.
[2020-07-31 09:37:36.126] [exthost] [warning] ms-vscode.cpptools - Code actions of kind 'quickfix 'requested but returned code action does not have a 'kind'. Code action will be dropped. Please set 'CodeAction.kind'.
[2020-07-31 09:37:36.126] [exthost] [warning] ms-vscode.cpptools - Code actions of kind 'quickfix 'requested but returned code action does not have a 'kind'. Code action will be dropped. Please set 'CodeAction.kind'.
[2020-07-31 09:37:37.780] [exthost] [error] [ms-vscode.cpptools] provider FAILED
[2020-07-31 09:37:37.780] [exthost] [error] undefined
[2020-07-31 09:37:42.424] [exthost] [warning] ms-vscode.cpptools - Code actions of kind 'quickfix 'requested but returned code action does not have a 'kind'. Code action will be dropped. Please set 'CodeAction.kind'.
[2020-07-31 09:37:43.925] [exthost] [error] [ms-vscode.cpptools] provider FAILED
[2020-07-31 09:37:43.925] [exthost] [error] undefined
[2020-07-31 09:38:10.562] [exthost] [warning] ms-vscode.cpptools - Code actions of kind 'quickfix 'requested but returned code action does not have a 'kind'. Code action will be dropped. Please set 'CodeAction.kind'.
[2020-07-31 09:38:10.562] [exthost] [warning] ms-vscode.cpptools - Code actions of kind 'quickfix 'requested but returned code action does not have a 'kind'. Code action will be dropped. Please set 'CodeAction.kind'.
[2020-07-31 09:38:12.237] [exthost] [warning] ms-vscode.cpptools - Code actions of kind 'quickfix 'requested but returned code action does not have a 'kind'. Code action will be dropped. Please set 'CodeAction.kind'.
[2020-07-31 09:38:12.237] [exthost] [warning] ms-vscode.cpptools - Code actions of kind 'quickfix 'requested but returned code action does not have a 'kind'. Code action will be dropped. Please set 'CodeAction.kind'.
[2020-07-31 09:38:14.277] [exthost] [warning] ms-vscode.cpptools - Code actions of kind 'quickfix 'requested but returned code action does not have a 'kind'. Code action will be dropped. Please set 'CodeAction.kind'.
[2020-07-31 09:38:14.277] [exthost] [warning] ms-vscode.cpptools - Code actions of kind 'quickfix 'requested but returned code action does not have a 'kind'. Code action will be dropped. Please set 'CodeAction.kind'.
[2020-07-31 09:38:16.057] [exthost] [error] [ms-vscode.cpptools] provider FAILED
[2020-07-31 09:38:16.057] [exthost] [error] undefined
[2020-07-31 09:38:18.621] [exthost] [error] [ms-vscode.cpptools] provider FAILED
[2020-07-31 09:38:18.621] [exthost] [error] undefined
[2020-07-31 09:38:20.908] [exthost] [error] [ms-vscode.cpptools] provider FAILED
[2020-07-31 09:38:20.908] [exthost] [error] undefined
[2020-07-31 09:38:23.026] [exthost] [error] [ms-vscode.cpptools] provider FAILED
[2020-07-31 09:38:23.026] [exthost] [error] undefined
[2020-07-31 09:38:35.704] [exthost] [error] [ms-vscode.cpptools] provider FAILED
[2020-07-31 09:38:35.704] [exthost] [error] undefined
[2020-07-31 09:38:48.297] [exthost] [error] [ms-vscode.cpptools] provider FAILED
[2020-07-31 09:38:48.297] [exthost] [error] undefined
[2020-07-31 09:38:55.089] [exthost] [error] [ms-vscode.cpptools] provider FAILED
[2020-07-31 09:38:55.089] [exthost] [error] undefined
[2020-07-31 09:38:59.120] [exthost] [error] [ms-vscode.cpptools] provider FAILED
[2020-07-31 09:38:59.120] [exthost] [error] undefined
[2020-07-31 09:39:03.241] [exthost] [error] [ms-vscode.cpptools] provider FAILED
[2020-07-31 09:39:03.241] [exthost] [error] undefined
[2020-07-31 09:39:18.423] [exthost] [error] [ms-vscode.cpptools] provider FAILED
[2020-07-31 09:39:18.423] [exthost] [error] undefined
[2020-07-31 09:39:33.219] [exthost] [error] [ms-vscode.cpptools] provider FAILED
[2020-07-31 09:39:33.219] [exthost] [error] undefined
[2020-07-31 09:39:35.184] [exthost] [error] [ms-vscode.cpptools] provider FAILED
[2020-07-31 09:39:35.184] [exthost] [error] undefined
[2020-07-31 09:39:41.628] [exthost] [error] [ms-vscode.cpptools] provider FAILED
[2020-07-31 09:39:41.628] [exthost] [error] undefined
[2020-07-31 09:39:43.868] [exthost] [error] [ms-vscode.cpptools] provider FAILED
[2020-07-31 09:39:43.868] [exthost] [error] undefined
[2020-07-31 09:39:48.134] [exthost] [error] [ms-vscode.cpptools] provider FAILED
[2020-07-31 09:39:48.134] [exthost] [error] undefined
[2020-07-31 09:39:50.894] [exthost] [error] [ms-vscode.cpptools] provider FAILED
[2020-07-31 09:39:50.894] [exthost] [error] undefined
[2020-07-31 09:39:53.009] [exthost] [error] [ms-vscode.cpptools] provider FAILED
[2020-07-31 09:39:53.009] [exthost] [error] undefined
[2020-07-31 09:39:55.492] [exthost] [error] [ms-vscode.cpptools] provider FAILED
[2020-07-31 09:39:55.492] [exthost] [error] undefined
[2020-07-31 09:39:55.494] [exthost] [error] [ms-vscode.cpptools] provider FAILED
[2020-07-31 09:39:55.494] [exthost] [error] undefined
[2020-07-31 09:40:03.925] [exthost] [error] [ms-vscode.cpptools] provider FAILED
[2020-07-31 09:40:03.925] [exthost] [error] undefined
[2020-07-31 09:40:08.696] [exthost] [error] [ms-vscode.cpptools] provider FAILED
[2020-07-31 09:40:08.696] [exthost] [error] undefined
[2020-07-31 09:40:11.848] [exthost] [error] [ms-vscode.cpptools] provider FAILED
[2020-07-31 09:40:11.848] [exthost] [error] undefined
[2020-07-31 09:40:16.055] [exthost] [error] [ms-vscode.cpptools] provider FAILED
[2020-07-31 09:40:16.055] [exthost] [error] undefined
[2020-07-31 09:40:21.872] [exthost] [error] [ms-vscode.cpptools] provider FAILED
[2020-07-31 09:40:21.872] [exthost] [error] undefined
[2020-07-31 09:40:28.983] [exthost] [error] [ms-vscode.cpptools] provider FAILED
[2020-07-31 09:40:28.983] [exthost] [error] undefined
[2020-07-31 09:40:31.055] [exthost] [error] [ms-vscode.cpptools] provider FAILED
[2020-07-31 09:40:31.055] [exthost] [error] undefined
[2020-07-31 09:40:33.343] [exthost] [error] [ms-vscode.cpptools] provider FAILED
[2020-07-31 09:40:33.343] [exthost] [error] undefined
[2020-07-31 09:40:35.408] [exthost] [error] [ms-vscode.cpptools] provider FAILED
[2020-07-31 09:40:35.408] [exthost] [error] undefined
[2020-07-31 09:40:41.584] [exthost] [error] [ms-vscode.cpptools] provider FAILED
[2020-07-31 09:40:41.584] [exthost] [error] undefined
[2020-07-31 09:40:45.897] [exthost] [error] [ms-vscode.cpptools] provider FAILED
[2020-07-31 09:40:45.897] [exthost] [error] undefined
[2020-07-31 09:40:50.056] [exthost] [error] [ms-vscode.cpptools] provider FAILED
[2020-07-31 09:40:50.056] [exthost] [error] undefined
[2020-07-31 09:40:52.360] [exthost] [error] [ms-vscode.cpptools] provider FAILED
[2020-07-31 09:40:52.360] [exthost] [error] undefined
[2020-07-31 09:40:55.494] [exthost] [error] [ms-vscode.cpptools] provider FAILED
[2020-07-31 09:40:55.494] [exthost] [error] undefined
[2020-07-31 09:41:06.329] [exthost] [error] [ms-vscode.cpptools] provider FAILED
[2020-07-31 09:41:06.329] [exthost] [error] undefined
[2020-07-31 09:41:17.361] [exthost] [error] [ms-vscode.cpptools] provider FAILED
[2020-07-31 09:41:17.361] [exthost] [error] undefined
[2020-07-31 09:41:22.138] [exthost] [error] [ms-vscode.cpptools] provider FAILED
[2020-07-31 09:41:22.138] [exthost] [error] undefined
[2020-07-31 09:41:24.507] [exthost] [error] [ms-vscode.cpptools] provider FAILED
[2020-07-31 09:41:24.507] [exthost] [error] undefined
[2020-07-31 09:41:31.858] [exthost] [error] [ms-vscode.cpptools] provider FAILED
[2020-07-31 09:41:31.858] [exthost] [error] undefined
[2020-07-31 09:41:33.961] [exthost] [error] [ms-vscode.cpptools] provider FAILED
[2020-07-31 09:41:33.961] [exthost] [error] undefined
[2020-07-31 09:41:40.160] [exthost] [error] [ms-vscode.cpptools] provider FAILED
[2020-07-31 09:41:40.160] [exthost] [error] undefined
[2020-07-31 09:41:42.210] [exthost] [error] [ms-vscode.cpptools] provider FAILED
[2020-07-31 09:41:42.210] [exthost] [error] undefined
[2020-07-31 09:41:50.829] [exthost] [error] [ms-vscode.cpptools] provider FAILED
[2020-07-31 09:41:50.829] [exthost] [error] undefined
[2020-07-31 09:41:53.105] [exthost] [error] [ms-vscode.cpptools] provider FAILED
[2020-07-31 09:41:53.105] [exthost] [error] undefined
[2020-07-31 09:42:01.804] [exthost] [error] [ms-vscode.cpptools] provider FAILED
[2020-07-31 09:42:01.804] [exthost] [error] undefined
[2020-07-31 09:42:04.433] [exthost] [error] [ms-vscode.cpptools] provider FAILED
[2020-07-31 09:42:04.433] [exthost] [error] undefined
[2020-07-31 09:42:08.708] [exthost] [error] [ms-vscode.cpptools] provider FAILED
[2020-07-31 09:42:08.708] [exthost] [error] undefined
[2020-07-31 09:42:08.968] [exthost] [error] [ms-vscode.cpptools] provider FAILED
[2020-07-31 09:42:08.968] [exthost] [error] undefined
[2020-07-31 09:42:14.464] [exthost] [error] [ms-vscode.cpptools] provider FAILED
[2020-07-31 09:42:14.464] [exthost] [error] undefined
[2020-07-31 09:42:20.955] [exthost] [error] [ms-vscode.cpptools] provider FAILED
[2020-07-31 09:42:20.955] [exthost] [error] undefined
[2020-07-31 09:42:23.030] [exthost] [error] [ms-vscode.cpptools] provider FAILED
[2020-07-31 09:42:23.030] [exthost] [error] undefined
[2020-07-31 09:42:25.433] [exthost] [error] [ms-vscode.cpptools] provider FAILED
[2020-07-31 09:42:25.433] [exthost] [error] undefined
[2020-07-31 09:42:30.255] [exthost] [error] [ms-vscode.cpptools] provider FAILED
[2020-07-31 09:42:30.255] [exthost] [error] undefined
[2020-07-31 09:42:31.686] [exthost] [error] [ms-vscode.cpptools] provider FAILED
[2020-07-31 09:42:31.686] [exthost] [error] undefined
[2020-07-31 09:42:33.925] [exthost] [error] [ms-vscode.cpptools] provider FAILED
[2020-07-31 09:42:33.925] [exthost] [error] undefined
[2020-07-31 09:42:39.265] [exthost] [error] [ms-vscode.cpptools] provider FAILED
[2020-07-31 09:42:39.265] [exthost] [error] undefined
[2020-07-31 09:42:39.492] [exthost] [error] [ms-vscode.cpptools] provider FAILED
[2020-07-31 09:42:39.492] [exthost] [error] undefined
[2020-07-31 09:42:42.858] [exthost] [error] [ms-vscode.cpptools] provider FAILED
[2020-07-31 09:42:42.858] [exthost] [error] undefined
[2020-07-31 09:42:50.009] [exthost] [error] [ms-vscode.cpptools] provider FAILED
[2020-07-31 09:42:50.009] [exthost] [error] undefined
[2020-07-31 09:42:53.828] [exthost] [error] [ms-vscode.cpptools] provider FAILED
[2020-07-31 09:42:53.828] [exthost] [error] undefined
[2020-07-31 09:42:57.816] [exthost] [error] [ms-vscode.cpptools] provider FAILED
[2020-07-31 09:42:57.816] [exthost] [error] undefined
[2020-07-31 09:43:57.432] [exthost] [warning] ms-vscode.cpptools - Code actions of kind 'quickfix 'requested but returned code action does not have a 'kind'. Code action will be dropped. Please set 'CodeAction.kind'.
[2020-07-31 09:43:57.432] [exthost] [warning] ms-vscode.cpptools - Code actions of kind 'quickfix 'requested but returned code action does not have a 'kind'. Code action will be dropped. Please set 'CodeAction.kind'.
[2020-07-31 09:45:01.888] [exthost] [warning] ms-vscode.cpptools - Code actions of kind 'quickfix 'requested but returned code action does not have a 'kind'. Code action will be dropped. Please set 'CodeAction.kind'.
[2020-07-31 09:45:01.888] [exthost] [warning] ms-vscode.cpptools - Code actions of kind 'quickfix 'requested but returned code action does not have a 'kind'. Code action will be dropped. Please set 'CodeAction.kind'.
[2020-07-31 09:45:09.209] [exthost] [error] [ms-vscode.cpptools] provider FAILED
[2020-07-31 09:45:09.209] [exthost] [error] undefined
[2020-07-31 09:45:14.083] [exthost] [error] [ms-vscode.cpptools] provider FAILED
[2020-07-31 09:45:14.083] [exthost] [error] undefined
[2020-07-31 09:45:18.529] [exthost] [error] [ms-vscode.cpptools] provider FAILED
[2020-07-31 09:45:18.529] [exthost] [error] undefined
[2020-07-31 09:45:25.038] [exthost] [error] [ms-vscode.cpptools] provider FAILED
[2020-07-31 09:45:25.038] [exthost] [error] undefined
[2020-07-31 09:45:35.930] [exthost] [error] [ms-vscode.cpptools] provider FAILED
[2020-07-31 09:45:35.930] [exthost] [error] undefined
[2020-07-31 09:45:42.221] [exthost] [error] [ms-vscode.cpptools] provider FAILED
[2020-07-31 09:45:42.221] [exthost] [error] undefined
[2020-07-31 09:46:16.140] [exthost] [error] [ms-vscode.cpptools] provider FAILED
[2020-07-31 09:46:16.140] [exthost] [error] undefined
[2020-07-31 09:46:21.561] [exthost] [error] [ms-vscode.cpptools] provider FAILED
[2020-07-31 09:46:21.561] [exthost] [error] undefined
[2020-07-31 09:46:37.357] [exthost] [error] [ms-vscode.cpptools] provider FAILED
[2020-07-31 09:46:37.357] [exthost] [error] undefined
[2020-07-31 09:46:53.390] [exthost] [error] [ms-vscode.cpptools] provider FAILED
[2020-07-31 09:46:53.390] [exthost] [error] undefined
[2020-07-31 09:47:35.804] [exthost] [error] [ms-vscode.cpptools] provider FAILED
[2020-07-31 09:47:35.804] [exthost] [error] undefined
[2020-07-31 09:47:44.088] [exthost] [error] [ms-vscode.cpptools] provider FAILED
[2020-07-31 09:47:44.088] [exthost] [error] undefined
[2020-07-31 09:47:50.621] [exthost] [error] [ms-vscode.cpptools] provider FAILED
[2020-07-31 09:47:50.621] [exthost] [error] undefined
[2020-07-31 09:47:50.621] [exthost] [error] [ms-vscode.cpptools] provider FAILED
[2020-07-31 09:47:50.621] [exthost] [error] undefined
[2020-07-31 09:47:55.487] [exthost] [error] [ms-vscode.cpptools] provider FAILED
[2020-07-31 09:47:55.487] [exthost] [error] undefined
[2020-07-31 09:48:33.099] [exthost] [error] [ms-vscode.cpptools] provider FAILED
[2020-07-31 09:48:33.099] [exthost] [error] undefined
[2020-07-31 09:48:34.466] [exthost] [error] [ms-vscode.cpptools] provider FAILED
[2020-07-31 09:48:34.466] [exthost] [error] undefined
[2020-07-31 09:48:38.045] [exthost] [warning] ms-vscode.cpptools - Code actions of kind 'quickfix 'requested but returned code action does not have a 'kind'. Code action will be dropped. Please set 'CodeAction.kind'.
[2020-07-31 09:48:41.837] [exthost] [warning] ms-vscode.cpptools - Code actions of kind 'quickfix 'requested but returned code action does not have a 'kind'. Code action will be dropped. Please set 'CodeAction.kind'.
[2020-07-31 09:48:56.524] [exthost] [error] [ms-vscode.cpptools] provider FAILED
[2020-07-31 09:48:56.524] [exthost] [error] undefined
[2020-07-31 09:49:21.974] [exthost] [error] [ms-vscode.cpptools] provider FAILED
[2020-07-31 09:49:21.974] [exthost] [error] undefined
[2020-07-31 09:49:23.892] [exthost] [error] [ms-vscode.cpptools] provider FAILED
[2020-07-31 09:49:23.892] [exthost] [error] undefined
[2020-07-31 09:49:24.504] [exthost] [error] [ms-vscode.cpptools] provider FAILED
[2020-07-31 09:49:24.504] [exthost] [error] undefined
[2020-07-31 09:49:26.749] [exthost] [error] [ms-vscode.cpptools] provider FAILED
[2020-07-31 09:49:26.749] [exthost] [error] undefined
[2020-07-31 09:49:31.478] [exthost] [warning] ms-vscode.cpptools - Code actions of kind 'quickfix 'requested but returned code action does not have a 'kind'. Code action will be dropped. Please set 'CodeAction.kind'.
[2020-07-31 09:49:33.763] [exthost] [error] [ms-vscode.cpptools] provider FAILED
[2020-07-31 09:49:33.763] [exthost] [error] undefined
[2020-07-31 09:49:35.679] [exthost] [warning] ms-vscode.cpptools - Code actions of kind 'quickfix 'requested but returned code action does not have a 'kind'. Code action will be dropped. Please set 'CodeAction.kind'.
[2020-07-31 09:49:38.116] [exthost] [error] [ms-vscode.cpptools] provider FAILED
[2020-07-31 09:49:38.116] [exthost] [error] undefined
[2020-07-31 09:49:40.679] [exthost] [error] [ms-vscode.cpptools] provider FAILED
[2020-07-31 09:49:40.679] [exthost] [error] undefined
[2020-07-31 09:49:42.947] [exthost] [error] [ms-vscode.cpptools] provider FAILED
[2020-07-31 09:49:42.947] [exthost] [error] undefined
[2020-07-31 09:50:08.523] [exthost] [error] [ms-vscode.cpptools] provider FAILED
[2020-07-31 09:50:08.523] [exthost] [error] undefined
[2020-07-31 09:50:16.762] [exthost] [error] [ms-vscode.cpptools] provider FAILED
[2020-07-31 09:50:16.762] [exthost] [error] undefined
[2020-07-31 09:50:16.958] [exthost] [warning] ms-vscode.cpptools - Code actions of kind 'quickfix 'requested but returned code action does not have a 'kind'. Code action will be dropped. Please set 'CodeAction.kind'.
[2020-07-31 09:50:23.866] [exthost] [warning] ms-vscode.cpptools - Code actions of kind 'quickfix 'requested but returned code action does not have a 'kind'. Code action will be dropped. Please set 'CodeAction.kind'.
[2020-07-31 09:50:27.271] [exthost] [warning] ms-vscode.cpptools - Code actions of kind 'quickfix 'requested but returned code action does not have a 'kind'. Code action will be dropped. Please set 'CodeAction.kind'.
[2020-07-31 09:50:27.271] [exthost] [warning] ms-vscode.cpptools - Code actions of kind 'quickfix 'requested but returned code action does not have a 'kind'. Code action will be dropped. Please set 'CodeAction.kind'.
[2020-07-31 09:50:32.014] [exthost] [error] [ms-vscode.cpptools] provider FAILED
[2020-07-31 09:50:32.014] [exthost] [error] undefined
[2020-07-31 09:50:34.127] [exthost] [error] [ms-vscode.cpptools] provider FAILED
[2020-07-31 09:50:34.127] [exthost] [error] undefined
[2020-07-31 09:50:36.268] [exthost] [error] [ms-vscode.cpptools] provider FAILED
[2020-07-31 09:50:36.268] [exthost] [error] undefined
[2020-07-31 09:50:47.237] [exthost] [error] [ms-vscode.cpptools] provider FAILED
[2020-07-31 09:50:47.237] [exthost] [error] undefined
[2020-07-31 09:50:51.512] [exthost] [error] [ms-vscode.cpptools] provider FAILED
[2020-07-31 09:50:51.512] [exthost] [error] undefined
[2020-07-31 09:50:53.741] [exthost] [error] [ms-vscode.cpptools] provider FAILED
[2020-07-31 09:50:53.741] [exthost] [error] undefined
[2020-07-31 09:51:00.720] [exthost] [error] [ms-vscode.cpptools] provider FAILED
[2020-07-31 09:51:00.720] [exthost] [error] undefined
[2020-07-31 09:51:04.379] [exthost] [error] [ms-vscode.cpptools] provider FAILED
[2020-07-31 09:51:04.379] [exthost] [error] undefined
[2020-07-31 09:51:06.495] [exthost] [error] [ms-vscode.cpptools] provider FAILED
[2020-07-31 09:51:06.495] [exthost] [error] undefined
[2020-07-31 09:51:23.562] [exthost] [error] [ms-vscode.cpptools] provider FAILED
[2020-07-31 09:51:23.562] [exthost] [error] undefined
[2020-07-31 09:51:34.025] [exthost] [error] [ms-vscode.cpptools] provider FAILED
[2020-07-31 09:51:34.025] [exthost] [error] undefined
[2020-07-31 09:51:38.280] [exthost] [error] [ms-vscode.cpptools] provider FAILED
[2020-07-31 09:51:38.280] [exthost] [error] undefined
[2020-07-31 09:52:02.353] [exthost] [error] [ms-vscode.cpptools] provider FAILED
[2020-07-31 09:52:02.353] [exthost] [error] undefined
[2020-07-31 09:52:04.310] [exthost] [warning] ms-vscode.cpptools - Code actions of kind 'quickfix 'requested but returned code action does not have a 'kind'. Code action will be dropped. Please set 'CodeAction.kind'.
[2020-07-31 09:52:07.161] [exthost] [warning] ms-vscode.cpptools - Code actions of kind 'quickfix 'requested but returned code action does not have a 'kind'. Code action will be dropped. Please set 'CodeAction.kind'.
[2020-07-31 09:52:27.307] [exthost] [error] [ms-vscode.cpptools] provider FAILED
[2020-07-31 09:52:27.307] [exthost] [error] undefined
[2020-07-31 09:52:27.908] [exthost] [warning] ms-vscode.cpptools - Code actions of kind 'quickfix 'requested but returned code action does not have a 'kind'. Code action will be dropped. Please set 'CodeAction.kind'.
[2020-07-31 09:52:29.129] [exthost] [warning] ms-vscode.cpptools - Code actions of kind 'quickfix 'requested but returned code action does not have a 'kind'. Code action will be dropped. Please set 'CodeAction.kind'.
[2020-07-31 09:52:30.192] [exthost] [warning] ms-vscode.cpptools - Code actions of kind 'quickfix 'requested but returned code action does not have a 'kind'. Code action will be dropped. Please set 'CodeAction.kind'.
[2020-07-31 09:52:30.198] [exthost] [warning] ms-vscode.cpptools - Code actions of kind 'quickfix 'requested but returned code action does not have a 'kind'. Code action will be dropped. Please set 'CodeAction.kind'.
[2020-07-31 09:52:30.918] [exthost] [error] [ms-vscode.cpptools] provider FAILED
[2020-07-31 09:52:30.918] [exthost] [error] undefined
[2020-07-31 09:52:30.929] [exthost] [warning] ms-vscode.cpptools - Code actions of kind 'quickfix 'requested but returned code action does not have a 'kind'. Code action will be dropped. Please set 'CodeAction.kind'.
[2020-07-31 09:52:35.711] [exthost] [error] [ms-vscode.cpptools] provider FAILED
[2020-07-31 09:52:35.711] [exthost] [error] undefined
[2020-07-31 09:52:36.874] [exthost] [warning] ms-vscode.cpptools - Code actions of kind 'quickfix 'requested but returned code action does not have a 'kind'. Code action will be dropped. Please set 'CodeAction.kind'.
[2020-07-31 09:52:43.744] [exthost] [error] [ms-vscode.cpptools] provider FAILED
[2020-07-31 09:52:43.744] [exthost] [error] undefined
[2020-07-31 09:52:45.862] [exthost] [error] [ms-vscode.cpptools] provider FAILED
[2020-07-31 09:52:45.862] [exthost] [error] undefined
[2020-07-31 09:52:47.932] [exthost] [error] [ms-vscode.cpptools] provider FAILED
[2020-07-31 09:52:47.932] [exthost] [error] undefined
[2020-07-31 09:52:52.218] [exthost] [error] [ms-vscode.cpptools] provider FAILED
[2020-07-31 09:52:52.218] [exthost] [error] undefined
[2020-07-31 09:52:52.498] [exthost] [error] [ms-vscode.cpptools] provider FAILED
[2020-07-31 09:52:52.498] [exthost] [error] undefined
[2020-07-31 09:52:56.511] [exthost] [error] [ms-vscode.cpptools] provider FAILED
[2020-07-31 09:52:56.511] [exthost] [error] undefined
[2020-07-31 09:53:16.201] [exthost] [error] [ms-vscode.cpptools] provider FAILED
[2020-07-31 09:53:16.201] [exthost] [error] undefined
[2020-07-31 09:53:23.380] [exthost] [error] [ms-vscode.cpptools] provider FAILED
[2020-07-31 09:53:23.380] [exthost] [error] undefined
[2020-07-31 09:53:25.396] [exthost] [warning] ms-vscode.cpptools - Code actions of kind 'quickfix 'requested but returned code action does not have a 'kind'. Code action will be dropped. Please set 'CodeAction.kind'.
[2020-07-31 09:53:28.984] [exthost] [warning] ms-vscode.cpptools - Code actions of kind 'quickfix 'requested but returned code action does not have a 'kind'. Code action will be dropped. Please set 'CodeAction.kind'.
[2020-07-31 09:53:46.833] [exthost] [error] [ms-vscode.cpptools] provider FAILED
[2020-07-31 09:53:46.833] [exthost] [error] undefined
[2020-07-31 09:53:50.772] [exthost] [error] [ms-vscode.cpptools] provider FAILED
[2020-07-31 09:53:50.772] [exthost] [error] undefined
[2020-07-31 09:53:52.828] [exthost] [error] [ms-vscode.cpptools] provider FAILED
[2020-07-31 09:53:52.828] [exthost] [error] undefined
[2020-07-31 09:53:59.418] [exthost] [error] [ms-vscode.cpptools] provider FAILED
[2020-07-31 09:53:59.418] [exthost] [error] undefined
[2020-07-31 09:54:03.612] [exthost] [error] [ms-vscode.cpptools] provider FAILED
[2020-07-31 09:54:03.612] [exthost] [error] undefined
[2020-07-31 09:54:07.091] [exthost] [warning] ms-vscode.cpptools - Code actions of kind 'quickfix 'requested but returned code action does not have a 'kind'. Code action will be dropped. Please set 'CodeAction.kind'.
[2020-07-31 09:54:10.312] [exthost] [warning] ms-vscode.cpptools - Code actions of kind 'quickfix 'requested but returned code action does not have a 'kind'. Code action will be dropped. Please set 'CodeAction.kind'.
[2020-07-31 09:54:10.427] [exthost] [warning] ms-vscode.cpptools - Code actions of kind 'quickfix 'requested but returned code action does not have a 'kind'. Code action will be dropped. Please set 'CodeAction.kind'.
[2020-07-31 09:54:10.626] [exthost] [warning] ms-vscode.cpptools - Code actions of kind 'quickfix 'requested but returned code action does not have a 'kind'. Code action will be dropped. Please set 'CodeAction.kind'.
[2020-07-31 09:54:10.929] [exthost] [warning] ms-vscode.cpptools - Code actions of kind 'quickfix 'requested but returned code action does not have a 'kind'. Code action will be dropped. Please set 'CodeAction.kind'.
[2020-07-31 09:54:14.263] [exthost] [warning] ms-vscode.cpptools - Code actions of kind 'quickfix 'requested but returned code action does not have a 'kind'. Code action will be dropped. Please set 'CodeAction.kind'.
[2020-07-31 09:54:17.674] [exthost] [warning] ms-vscode.cpptools - Code actions of kind 'quickfix 'requested but returned code action does not have a 'kind'. Code action will be dropped. Please set 'CodeAction.kind'.
[2020-07-31 09:54:36.947] [exthost] [error] [ms-vscode.cpptools] provider FAILED
[2020-07-31 09:54:36.947] [exthost] [error] undefined
[2020-07-31 09:54:43.537] [exthost] [error] [ms-vscode.cpptools] provider FAILED
[2020-07-31 09:54:43.537] [exthost] [error] undefined
[2020-07-31 09:54:45.564] [exthost] [error] [ms-vscode.cpptools] provider FAILED
[2020-07-31 09:54:45.564] [exthost] [error] undefined
[2020-07-31 09:54:47.639] [exthost] [error] [ms-vscode.cpptools] provider FAILED
[2020-07-31 09:54:47.639] [exthost] [error] undefined
[2020-07-31 09:55:06.825] [exthost] [error] [ms-vscode.cpptools] provider FAILED
[2020-07-31 09:55:06.826] [exthost] [error] undefined
[2020-07-31 09:55:11.369] [exthost] [error] [ms-vscode.cpptools] provider FAILED
[2020-07-31 09:55:11.369] [exthost] [error] undefined
[2020-07-31 09:56:10.531] [exthost] [error] [ms-vscode.cpptools] provider FAILED
[2020-07-31 09:56:10.531] [exthost] [error] undefined
[2020-07-31 09:56:22.825] [exthost] [error] [ms-vscode.cpptools] provider FAILED
[2020-07-31 09:56:22.825] [exthost] [error] undefined
[2020-07-31 09:56:51.592] [exthost] [error] [ms-vscode.cpptools] provider FAILED
[2020-07-31 09:56:51.592] [exthost] [error] undefined
[2020-07-31 09:56:55.883] [exthost] [error] [ms-vscode.cpptools] provider FAILED
[2020-07-31 09:56:55.883] [exthost] [error] undefined
[2020-07-31 09:57:00.050] [exthost] [error] [ms-vscode.cpptools] provider FAILED
[2020-07-31 09:57:00.050] [exthost] [error] undefined
[2020-07-31 09:57:06.207] [exthost] [error] [ms-vscode.cpptools] provider FAILED
[2020-07-31 09:57:06.207] [exthost] [error] undefined
[2020-07-31 09:57:20.176] [exthost] [error] [ms-vscode.cpptools] provider FAILED
[2020-07-31 09:57:20.176] [exthost] [error] undefined
[2020-07-31 09:57:31.650] [exthost] [error] [ms-vscode.cpptools] provider FAILED
[2020-07-31 09:57:31.650] [exthost] [error] undefined
[2020-07-31 09:57:33.816] [exthost] [error] [ms-vscode.cpptools] provider FAILED
[2020-07-31 09:57:33.816] [exthost] [error] undefined
[2020-07-31 09:57:42.780] [exthost] [error] [ms-vscode.cpptools] provider FAILED
[2020-07-31 09:57:42.780] [exthost] [error] undefined
[2020-07-31 10:02:35.667] [exthost] [error] [ms-vscode.cpptools] provider FAILED
[2020-07-31 10:02:35.668] [exthost] [error] undefined
[2020-07-31 10:02:51.148] [exthost] [error] [ms-vscode.cpptools] provider FAILED
[2020-07-31 10:02:51.148] [exthost] [error] undefined
[2020-07-31 10:08:48.804] [exthost] [error] [ms-vscode.cpptools] provider FAILED
[2020-07-31 10:08:48.804] [exthost] [error] undefined
[2020-07-31 10:10:56.054] [exthost] [info] ExtensionService#_doActivateExtension vscode.grunt {"startup":false,"extensionId":{"value":"vscode.grunt","_lower":"vscode.grunt"},"activationEvent":"onCommand:workbench.action.tasks.runTask"}
[2020-07-31 10:10:56.055] [exthost] [info] ExtensionService#loadCommonJSModule file:///home/guilherme/.vscode-server/bin/91899dcef7b8110878ea59626991a18c8a6a1b3e/extensions/grunt/dist/main
[2020-07-31 10:10:56.093] [exthost] [info] ExtensionService#_doActivateExtension vscode.gulp {"startup":false,"extensionId":{"value":"vscode.gulp","_lower":"vscode.gulp"},"activationEvent":"onCommand:workbench.action.tasks.runTask"}
[2020-07-31 10:10:56.093] [exthost] [info] ExtensionService#loadCommonJSModule file:///home/guilherme/.vscode-server/bin/91899dcef7b8110878ea59626991a18c8a6a1b3e/extensions/gulp/dist/main
[2020-07-31 10:10:56.099] [exthost] [info] ExtensionService#_doActivateExtension vscode.jake {"startup":false,"extensionId":{"value":"vscode.jake","_lower":"vscode.jake"},"activationEvent":"onCommand:workbench.action.tasks.runTask"}
[2020-07-31 10:10:56.099] [exthost] [info] ExtensionService#loadCommonJSModule file:///home/guilherme/.vscode-server/bin/91899dcef7b8110878ea59626991a18c8a6a1b3e/extensions/jake/dist/main
[2020-07-31 10:10:56.106] [exthost] [info] ExtensionService#_doActivateExtension vscode.typescript-language-features {"startup":false,"extensionId":{"value":"vscode.typescript-language-features","_lower":"vscode.typescript-language-features"},"activationEvent":"onCommand:workbench.action.tasks.runTask"}
[2020-07-31 10:10:56.106] [exthost] [info] ExtensionService#loadCommonJSModule file:///home/guilherme/.vscode-server/bin/91899dcef7b8110878ea59626991a18c8a6a1b3e/extensions/typescript-language-features/dist/extension
